<html>
<body>
<pre>
<h1>µVision Build Log</h1>
<h2>Tool Versions:</h2>
IDE-Version: ¦ÌVision V5.23.0.0
Copyright (C) 2017 ARM Ltd and ARM Germany GmbH. All rights reserved.
License Information: 1 1, 1, LIC=HF82Z-JF6ZY-TL1CD-80BGL-YNS0B-HJAEJ
 
Tool Versions:
Toolchain:       MDK-ARM Professional  Version: 5.23
Toolchain Path:  e:\Keil_v5\ARM\ARMCC\Bin
C Compiler:      Armcc.exe V5.06 update 4 (build 422)
Assembler:       Armasm.exe V5.06 update 4 (build 422)
Linker/Locator:  ArmLink.exe V5.06 update 4 (build 422)
Library Manager: ArmAr.exe V5.06 update 4 (build 422)
Hex Converter:   FromElf.exe V5.06 update 4 (build 422)
CPU DLL:         SARMCM3.DLL V5.23
Dialog DLL:      DCM.DLL V1.15.0.0
Target DLL:      Segger\JL2CM3.dll V2.99.23.0
Dialog DLL:      TCM.DLL V1.27.0.0
 
<h2>Project:</h2>
C:\Users\ÐÑÐÄonline\Desktop\LEDCtrl_68_Byte_SERIALPORT_CONFIG_RESOURCE_±¸·Ý_0202_²âÊÔ°æ\Project\STM32-LedCrtl.uvprojx
Project File Date:  02/02/2018

<h2>Output:</h2>
*** Using Compiler 'V5.06 update 4 (build 422)', folder: 'e:\Keil_v5\ARM\ARMCC\Bin'
Rebuild target 'LED-Ctrl'
assembling startup_stm32f10x_hd.s...
compiling stm32f10x_usart.c...
compiling misc.c...
compiling stm32f10x_flash.c...
compiling stm32f10x_gpio.c...
compiling stm32f10x_rcc.c...
compiling stm32f10x_spi.c...
compiling stm32f10x_exti.c...
compiling stm32f10x_pwr.c...
compiling stm32f10x_tim.c...
compiling stm32f10x_iwdg.c...
compiling stm32f10x_bkp.c...
compiling delay.c...
compiling stm32f10x_it.c...
compiling stm32f10x_rtc.c...
compiling system_stm32f10x.c...
compiling utils.c...
compiling flash.c...
compiling CRC16.C...
compiling spi.c...
compiling stmflash.c...
compiling core_cm3.c...
compiling sys.c...
compiling datadeal.c...
compiling GlobalVar.c...
compiling usart.c...
compiling config.c...
compiling timer.c...
compiling Debug.c...
compiling main.c...
compiling myiic.c...
compiling lowpower.c...
compiling task.c...
compiling bkp.c...
compiling DS3231.c...
compiling capacity.c...
compiling screen.c...
compiling menu.c...
linking...
Program Size: Code=46576 RO-data=25736 RW-data=472 ZI-data=12504  
FromELF: creating hex file...
"..\Output\LEDCTRL_RESOURCE_V_1_8_20180202.axf" - 0 Error(s), 0 Warning(s).

<h2>Software Packages used:</h2>

Package Vendor: ARM
                http://www.keil.com/pack/ARM.CMSIS.5.2.0.pack
                ARM::CMSIS:CORE:5.0.2
                CMSIS (Cortex Microcontroller Software Interface Standard)
   * Component: CORE Version: 5.0.2

<h2>Collection of Component include folders:</h2>
  .\RTE\_LED-Ctrl
  e:\Keil_v5\ARM\PACK\ARM\CMSIS\5.2.0\CMSIS\Include
  e:\Keil_v5\ARM\PACK\Keil\STM32F1xx_DFP\2.2.0\Device\Include

<h2>Collection of Component Files used:</h2>

   * Component: ARM::CMSIS:CORE:5.0.2
Build Time Elapsed:  00:00:06
</pre>
</body>
</html>
