Component: ARM Compiler 5.06 update 4 (build 422) Tool: armlink [4d35d2]

==============================================================================

Section Cross References

    startup_stm32f10x_hd.o(RESET) refers to startup_stm32f10x_hd.o(STACK) for __initial_sp
    startup_stm32f10x_hd.o(RESET) refers to startup_stm32f10x_hd.o(.text) for Reset_Handler
    startup_stm32f10x_hd.o(RESET) refers to stm32f10x_it.o(.text) for NMI_Handler
    startup_stm32f10x_hd.o(RESET) refers to config.o(.text) for EXTI3_IRQHandler
    startup_stm32f10x_hd.o(RESET) refers to timer.o(.text) for TIM3_IRQHandler
    startup_stm32f10x_hd.o(RESET) refers to usart.o(.text) for USART1_IRQHandler
    startup_stm32f10x_hd.o(.text) refers to system_stm32f10x.o(.text) for SystemInit
    startup_stm32f10x_hd.o(.text) refers to entry.o(.ARM.Collect$$$$00000000) for __main
    stm32f10x_rcc.o(.text) refers to stm32f10x_rcc.o(.data) for APBAHBPrescTable
    stm32f10x_gpio.o(.text) refers to stm32f10x_rcc.o(.text) for RCC_APB2PeriphResetCmd
    stm32f10x_usart.o(.text) refers to stm32f10x_rcc.o(.text) for RCC_APB2PeriphResetCmd
    stm32f10x_spi.o(.text) refers to stm32f10x_rcc.o(.text) for RCC_APB2PeriphResetCmd
    stm32f10x_tim.o(.text) refers to stm32f10x_rcc.o(.text) for RCC_APB2PeriphResetCmd
    stm32f10x_pwr.o(.text) refers to stm32f10x_rcc.o(.text) for RCC_APB1PeriphResetCmd
    stm32f10x_bkp.o(.text) refers to stm32f10x_rcc.o(.text) for RCC_BackupResetCmd
    system_stm32f10x.o(.text) refers to system_stm32f10x.o(.data) for SystemCoreClock
    delay.o(.text) refers to misc.o(.text) for SysTick_CLKSourceConfig
    delay.o(.text) refers to config.o(.text) for IWDG_Feed
    delay.o(.text) refers to system_stm32f10x.o(.data) for SystemCoreClock
    delay.o(.text) refers to delay.o(.data) for fac_us
    sys.o(.text) refers to flash.o(.text) for SPI_Flash_Erase_Sector
    sys.o(.text) refers to config.o(.text) for IWDG_Feed
    sys.o(.text) refers to delay.o(.text) for delay_ms
    spi.o(.text) refers to stm32f10x_rcc.o(.text) for RCC_APB2PeriphClockCmd
    spi.o(.text) refers to stm32f10x_gpio.o(.text) for GPIO_Init
    spi.o(.text) refers to stm32f10x_spi.o(.text) for SPI_Init
    flash.o(.text) refers to stm32f10x_rcc.o(.text) for RCC_APB2PeriphClockCmd
    flash.o(.text) refers to stm32f10x_gpio.o(.text) for GPIO_Init
    flash.o(.text) refers to stm32f10x_spi.o(.text) for SPI_Init
    flash.o(.text) refers to spi.o(.text) for SPI1_ReadWriteByte
    flash.o(.text) refers to config.o(.text) for IWDG_Feed
    flash.o(.text) refers to delay.o(.text) for delay_us
    flash.o(.text) refers to ds3231.o(.text) for get_show_time
    flash.o(.text) refers to flash.o(.bss) for SPI_FLASH_BUF
    crc16.o(.text) refers to crc16.o(.constdata) for tabel
    stmflash.o(.text) refers to stm32f10x_flash.o(.text) for FLASH_ProgramHalfWord
    stmflash.o(.text) refers to stmflash.o(.bss) for STMFLASH_BUF
    timer.o(.text) refers to stm32f10x_rcc.o(.text) for RCC_APB1PeriphClockCmd
    timer.o(.text) refers to stm32f10x_tim.o(.text) for TIM_TimeBaseInit
    timer.o(.text) refers to misc.o(.text) for NVIC_Init
    timer.o(.text) refers to ds3231.o(.text) for get_show_time
    timer.o(.text) refers to sys.o(.text) for Sys_Soft_Reset
    timer.o(.text) refers to datadeal.o(.text) for RebackPC
    timer.o(.text) refers to globalvar.o(.data) for TIM3_flag
    timer.o(.text) refers to ds3231.o(.data) for calendar
    timer.o(.text) refers to menu.o(.bss) for MENUConfig
    timer.o(.text) refers to menu.o(.data) for bflag_configStart
    config.o(.text) refers to stm32f10x_rcc.o(.text) for RCC_APB2PeriphClockCmd
    config.o(.text) refers to stm32f10x_gpio.o(.text) for GPIO_Init
    config.o(.text) refers to misc.o(.text) for NVIC_PriorityGroupConfig
    config.o(.text) refers to stm32f10x_exti.o(.text) for EXTI_Init
    config.o(.text) refers to stm32f10x_pwr.o(.text) for PWR_BackupAccessCmd
    config.o(.text) refers to stm32f10x_bkp.o(.text) for BKP_TamperPinCmd
    config.o(.text) refers to stm32f10x_iwdg.o(.text) for IWDG_WriteAccessCmd
    config.o(.text) refers to globalvar.o(.data) for bflagwakeup
    config.o(.text) refers to menu.o(.bss) for MENUConfig
    datadeal.o(.text) refers to crc16.o(.text) for crc16_ctrl
    datadeal.o(.text) refers to stm32f10x_usart.o(.text) for USART_SendData
    datadeal.o(.text) refers to ds3231.o(.text) for RTC_Get_Week
    datadeal.o(.text) refers to utils.o(.text) for hextobcd
    datadeal.o(.text) refers to config.o(.text) for IWDG_Feed
    datadeal.o(.text) refers to datadeal.o(.constdata) for Reback_frame
    datadeal.o(.text) refers to globalvar.o(.data) for RecvFromUART1_Len
    datadeal.o(.text) refers to globalvar.o(.bss) for RecvFromUART1_Buf
    datadeal.o(.text) refers to flash.o(.text) for SPI_Flash_Write
    datadeal.o(.text) refers to sys.o(.text) for Sys_Soft_Reset
    datadeal.o(.text) refers to stm32f10x_gpio.o(.text) for GPIO_SetBits
[...]
    .text                                    0x08001730   Section        0  stm32f10x_tim.o(.text)
    TI4_Config                               0x08001bd7   Thumb Code   130  stm32f10x_tim.o(.text)
    TI3_Config                               0x08001c6b   Thumb Code   122  stm32f10x_tim.o(.text)
    TI2_Config                               0x08001cff   Thumb Code   130  stm32f10x_tim.o(.text)
    TI1_Config                               0x08001d93   Thumb Code   108  stm32f10x_tim.o(.text)
    .text                                    0x0800254c   Section        0  stm32f10x_iwdg.o(.text)
    .text                                    0x0800258c   Section        0  stm32f10x_pwr.o(.text)
    .text                                    0x08002658   Section        0  stm32f10x_bkp.o(.text)
    .text                                    0x0800271c   Section        0  system_stm32f10x.o(.text)
    SetSysClockToHSE                         0x0800271d   Thumb Code   160  system_stm32f10x.o(.text)
    SetSysClock                              0x080027bd   Thumb Code     8  system_stm32f10x.o(.text)
    .text                                    0x080028c4   Section        0  stm32f10x_it.o(.text)
    .text                                    0x080028e0   Section        0  delay.o(.text)
    .text                                    0x080029b8   Section        0  sys.o(.text)
    .text                                    0x08002aac   Section        0  spi.o(.text)
    .text                                    0x08002bb0   Section        0  flash.o(.text)
    .text                                    0x08003244   Section        0  crc16.o(.text)
    .text                                    0x080032a4   Section        0  stmflash.o(.text)
    .text                                    0x080033e8   Section        0  utils.o(.text)
    .text                                    0x08003614   Section        0  timer.o(.text)
    .text                                    0x08003994   Section        0  config.o(.text)
    .text                                    0x08003cbc   Section        0  datadeal.o(.text)
    .text                                    0x080060bc   Section        0  globalvar.o(.text)
    .text                                    0x08006a4c   Section        0  usart.o(.text)
    .text                                    0x0800795c   Section        0  main.o(.text)
    .text                                    0x080079fc   Section        0  ds3231.o(.text)
    .text                                    0x08007f04   Section        0  myiic.o(.text)
    .text                                    0x08008190   Section        0  capacity.o(.text)
    .text                                    0x080082b0   Section        0  menu.o(.text)
    .text                                    0x08009734   Section        0  task.o(.text)
    .text                                    0x080099d4   Section        0  lowpower.o(.text)
    .text                                    0x08009b38   Section        0  bkp.o(.text)
    .text                                    0x08009bac   Section        0  screen.o(.text)
    .text                                    0x08009fb4   Section        0  memcpya.o(.text)
    .text                                    0x08009fd8   Section        0  fadd.o(.text)
    .text                                    0x0800a088   Section        0  fmul.o(.text)
    .text                                    0x0800a0ec   Section        0  fdiv.o(.text)
    .text                                    0x0800a168   Section        0  ffltui.o(.text)
    .text                                    0x0800a172   Section        0  ffixui.o(.text)
    .text                                    0x0800a19c   Section       20  cfcmple.o(.text)
    .text                                    0x0800a1b0   Section        0  uldiv.o(.text)
    .text                                    0x0800a212   Section        0  iusefp.o(.text)
    .text                                    0x0800a212   Section        0  fepilogue.o(.text)
    .text                                    0x0800a280   Section       36  init.o(.text)
    .text                                    0x0800a2a4   Section        0  llshl.o(.text)
    .text                                    0x0800a2c2   Section        0  llushr.o(.text)
    .text                                    0x0800a2e2   Section        0  __dczerorl2.o(.text)
    i.__0printf$8                            0x0800a338   Section        0  printf8.o(i.__0printf$8)
    i.__scatterload_copy                     0x0800a358   Section       14  handlers.o(i.__scatterload_copy)
    i.__scatterload_null                     0x0800a366   Section        2  handlers.o(i.__scatterload_null)
    i.__scatterload_zeroinit                 0x0800a368   Section       14  handlers.o(i.__scatterload_zeroinit)
    i._printf_core                           0x0800a378   Section        0  printf8.o(i._printf_core)
    _printf_core                             0x0800a379   Thumb Code   996  printf8.o(i._printf_core)
    i._printf_post_padding                   0x0800a788   Section        0  printf8.o(i._printf_post_padding)
    _printf_post_padding                     0x0800a789   Thumb Code    36  printf8.o(i._printf_post_padding)
    i._printf_pre_padding                    0x0800a7ac   Section        0  printf8.o(i._printf_pre_padding)
    _printf_pre_padding                      0x0800a7ad   Thumb Code    46  printf8.o(i._printf_pre_padding)
    .constdata                               0x0800a7dc   Section     1536  crc16.o(.constdata)
    .constdata                               0x0800addc   Section      605  datadeal.o(.constdata)
    .constdata                               0x0800b039   Section       12  ds3231.o(.constdata)
    .constdata                               0x0800b048   Section    22960  capacity.o(.constdata)
    .constdata                               0x080109f8   Section       89  screen.o(.constdata)
    .conststring                             0x08010a54   Section       41  datadeal.o(.conststring)
    .conststring                             0x08010a80   Section      148  menu.o(.conststring)
    .data                                    0x20000000   Section       20  stm32f10x_rcc.o(.data)
    APBAHBPrescTable                         0x20000000   Data          16  stm32f10x_rcc.o(.data)
    ADCPrescTable                            0x20000010   Data           4  stm32f10x_rcc.o(.data)
    .data                                    0x20000014   Section       20  system_stm32f10x.o(.data)
    .data                                    0x20000028   Section        4  delay.o(.data)
    fac_us                                   0x20000028   Data           1  delay.o(.data)
    fac_ms                                   0x2000002a   Data           2  delay.o(.data)
    .data                                    0x2000002c   Section       24  datadeal.o(.data)
    .data                                    0x20000044   Section      116  globalvar.o(.data)
    .data                                    0x200000b8   Section        7  ds3231.o(.data)
    .data                                    0x200000bf   Section        2  menu.o(.data)
    .data                                    0x200000c1   Section      274  screen.o(.data)
    .data                                    0x200001d4   Section        4  stdout.o(.data)
    .bss                                     0x200001d8   Section     4096  flash.o(.bss)
    .bss                                     0x200011d8   Section     2048  stmflash.o(.bss)
    .bss                                     0x200019d8   Section       14  datadeal.o(.bss)
    .bss                                     0x200019e8   Section     2204  globalvar.o(.bss)
    .bss                                     0x20002284   Section       13  ds3231.o(.bss)
    .bss                                     0x20002291   Section       31  menu.o(.bss)
    STACK                                    0x200022b0   Section     4096  startup_stm32f10x_hd.o(STACK)

    Global Symbols

    Symbol Name                              Value     Ov Type        Size  Object(Section)

    BuildAttributes$$THM_ISAv4$P$D$K$B$S$PE$A:L22UL41UL21$X:L11$S22US41US21$IEEE1$IW$USESV6$~STKCKD$USESV7$~SHL$OTIME$ROPI$EBA8$MICROLIB$REQ8$PRES8$EABIv2 0x00000000   Number         0  anon$$obj.o ABSOLUTE
    __ARM_use_no_argv                        0x00000000   Number         0  main.o ABSOLUTE
    _printf_a                                0x00000000   Number         0  stubs.o ABSOLUTE
    _printf_c                                0x00000000   Number         0  stubs.o ABSOLUTE
    _printf_charcount                        0x00000000   Number         0  stubs.o ABSOLUTE
    _printf_d                                0x00000000   Number         0  stubs.o ABSOLUTE
    _printf_e                                0x00000000   Number         0  stubs.o ABSOLUTE
    _printf_f                                0x00000000   Number         0  stubs.o ABSOLUTE
    _printf_flags                            0x00000000   Number         0  stubs.o ABSOLUTE
    _printf_fp_dec                           0x00000000   Number         0  stubs.o ABSOLUTE
    _printf_fp_hex                           0x00000000   Number         0  stubs.o ABSOLUTE
    _printf_g                                0x00000000   Number         0  stubs.o ABSOLUTE
    _printf_i                                0x00000000   Number         0  stubs.o ABSOLUTE
    _printf_int_dec                          0x00000000   Number         0  stubs.o ABSOLUTE
    _printf_l                                0x00000000   Number         0  stubs.o ABSOLUTE
    _printf_lc                               0x00000000   Number         0  stubs.o ABSOLUTE
    _printf_ll                               0x00000000   Number         0  stubs.o ABSOLUTE
    _printf_lld                              0x00000000   Number         0  stubs.o ABSOLUTE
    _printf_lli                              0x00000000   Number         0  stubs.o ABSOLUTE
    _printf_llo                              0x00000000   Number         0  stubs.o ABSOLUTE
    _printf_llu                              0x00000000   Number         0  stubs.o ABSOLUTE
    _printf_llx                              0x00000000   Number         0  stubs.o ABSOLUTE
    _printf_longlong_dec                     0x00000000   Number         0  stubs.o ABSOLUTE
    _printf_longlong_hex                     0x00000000   Number         0  stubs.o ABSOLUTE
    _printf_longlong_oct                     0x00000000   Number         0  stubs.o ABSOLUTE
    _printf_ls                               0x00000000   Number         0  stubs.o ABSOLUTE
    _printf_mbtowc                           0x00000000   Number         0  stubs.o ABSOLUTE
    _printf_n                                0x00000000   Number         0  stubs.o ABSOLUTE
    _printf_o                                0x00000000   Number         0  stubs.o ABSOLUTE
    _printf_p                                0x00000000   Number         0  stubs.o ABSOLUTE
    _printf_percent                          0x00000000   Number         0  stubs.o ABSOLUTE
    _printf_pre_padding                      0x00000000   Number         0  stubs.o ABSOLUTE
    _printf_return_value                     0x00000000   Number         0  stubs.o ABSOLUTE
    _printf_s                                0x00000000   Number         0  stubs.o ABSOLUTE
    _printf_sizespec                         0x00000000   Number         0  stubs.o ABSOLUTE
    _printf_str                              0x00000000   Number         0  stubs.o ABSOLUTE
    _printf_truncate_signed                  0x00000000   Number         0  stubs.o ABSOLUTE
    _printf_truncate_unsigned                0x00000000   Number         0  stubs.o ABSOLUTE
    _printf_u                                0x00000000   Number         0  stubs.o ABSOLUTE
    _printf_wc                               0x00000000   Number         0  stubs.o ABSOLUTE
    _printf_wctomb                           0x00000000   Number         0  stubs.o ABSOLUTE
    _printf_widthprec                        0x00000000   Number         0  stubs.o ABSOLUTE
    _printf_x                                0x00000000   Number         0  stubs.o ABSOLUTE
    __cpp_initialize__aeabi_                  - Undefined Weak Reference
    __cxa_finalize                            - Undefined Weak Reference
    _clock_init                               - Undefined Weak Reference
    _microlib_exit                            - Undefined Weak Reference
    __Vectors_Size                           0x00000130   Number         0  startup_stm32f10x_hd.o ABSOLUTE
    __Vectors                                0x08000000   Data           4  startup_stm32f10x_hd.o(RESET)
    __Vectors_End                            0x08000130   Data           0  startup_stm32f10x_hd.o(RESET)
    __main                                   0x08000131   Thumb Code     0  entry.o(.ARM.Collect$$$$00000000)
    _main_stk                                0x08000131   Thumb Code     0  entry2.o(.ARM.Collect$$$$00000001)
    _main_scatterload                        0x08000135   Thumb Code     0  entry5.o(.ARM.Collect$$$$00000004)
    __main_after_scatterload                 0x08000139   Thumb Code     0  entry5.o(.ARM.Collect$$$$00000004)
    _main_clock                              0x08000139   Thumb Code     0  entry7b.o(.ARM.Collect$$$$00000008)
    _main_cpp_init                           0x08000139   Thumb Code     0  entry8b.o(.ARM.Collect$$$$0000000A)
    _main_init                               0x08000139   Thumb Code     0  entry9a.o(.ARM.Collect$$$$0000000B)
    __rt_final_cpp                           0x08000141   Thumb Code     0  entry10a.o(.ARM.Collect$$$$0000000D)
    __rt_final_exit                          0x08000141   Thumb Code     0  entry11a.o(.ARM.Collect$$$$0000000F)
    Reset_Handler                            0x08000145   Thumb Code     8  startup_stm32f10x_hd.o(.text)
    ADC1_2_IRQHandler                        0x0800015f   Thumb Code     0  startup_stm32f10x_hd.o(.text)
    ADC3_IRQHandler                          0x0800015f   Thumb Code     0  startup_stm32f10x_hd.o(.text)
    CAN1_RX1_IRQHandler                      0x0800015f   Thumb Code     0  startup_stm32f10x_hd.o(.text)
    CAN1_SCE_IRQHandler                      0x0800015f   Thumb Code     0  startup_stm32f10x_hd.o(.text)
    DMA1_Channel1_IRQHandler                 0x0800015f   Thumb Code     0  startup_stm32f10x_hd.o(.text)
    DMA1_Channel2_IRQHandler                 0x0800015f   Thumb Code     0  startup_stm32f10x_hd.o(.text)
    DMA1_Channel3_IRQHandler                 0x0800015f   Thumb Code     0  startup_stm32f10x_hd.o(.text)
    DMA1_Channel4_IRQHandler                 0x0800015f   Thumb Code     0  startup_stm32f10x_hd.o(.text)
    DMA1_Channel5_IRQHandler                 0x0800015f   Thumb Code     0  startup_stm32f10x_hd.o(.text)
    DMA1_Channel6_IRQHandler                 0x0800015f   Thumb Code     0  startup_stm32f10x_hd.o(.text)
    DMA1_Channel7_IRQHandler                 0x0800015f   Thumb Code     0  startup_stm32f10x_hd.o(.text)
    DMA2_Channel1_IRQHandler                 0x0800015f   Thumb Code     0  startup_stm32f10x_hd.o(.text)
    DMA2_Channel2_IRQHandler                 0x0800015f   Thumb Code     0  startup_stm32f10x_hd.o(.text)
    DMA2_Channel3_IRQHandler                 0x0800015f   Thumb Code     0  startup_stm32f10x_hd.o(.text)
    DMA2_Channel4_5_IRQHandler               0x0800015f   Thumb Code     0  startup_stm32f10x_hd.o(.text)
    EXTI0_IRQHandler                         0x0800015f   Thumb Code     0  startup_stm32f10x_hd.o(.text)
    EXTI1_IRQHandler                         0x0800015f   Thumb Code     0  startup_stm32f10x_hd.o(.text)
    EXTI2_IRQHandler                         0x0800015f   Thumb Code     0  startup_stm32f10x_hd.o(.text)
    EXTI4_IRQHandler                         0x0800015f   Thumb Code     0  startup_stm32f10x_hd.o(.text)
    EXTI9_5_IRQHandler                       0x0800015f   Thumb Code     0  startup_stm32f10x_hd.o(.text)
    FLASH_IRQHandler                         0x0800015f   Thumb Code     0  startup_stm32f10x_hd.o(.text)
    FSMC_IRQHandler                          0x0800015f   Thumb Code     0  startup_stm32f10x_hd.o(.text)
    I2C1_ER_IRQHandler                       0x0800015f   Thumb Code     0  startup_stm32f10x_hd.o(.text)
    I2C1_EV_IRQHandler                       0x0800015f   Thumb Code     0  startup_stm32f10x_hd.o(.text)
    I2C2_ER_IRQHandler                       0x0800015f   Thumb Code     0  startup_stm32f10x_hd.o(.text)
    I2C2_EV_IRQHandler                       0x0800015f   Thumb Code     0  startup_stm32f10x_hd.o(.text)
    PVD_IRQHandler                           0x0800015f   Thumb Code     0  startup_stm32f10x_hd.o(.text)
    RCC_IRQHandler                           0x0800015f   Thumb Code     0  startup_stm32f10x_hd.o(.text)
    RTCAlarm_IRQHandler                      0x0800015f   Thumb Code     0  startup_stm32f10x_hd.o(.text)
    RTC_IRQHandler                           0x0800015f   Thumb Code     0  startup_stm32f10x_hd.o(.text)
    SDIO_IRQHandler                          0x0800015f   Thumb Code     0  startup_stm32f10x_hd.o(.text)
    SPI1_IRQHandler                          0x0800015f   Thumb Code     0  startup_stm32f10x_hd.o(.text)
    SPI2_IRQHandler                          0x0800015f   Thumb Code     0  startup_stm32f10x_hd.o(.text)
    SPI3_IRQHandler                          0x0800015f   Thumb Code     0  startup_stm32f10x_hd.o(.text)
    TAMPER_IRQHandler                        0x0800015f   Thumb Code     0  startup_stm32f10x_hd.o(.text)
    TIM1_BRK_IRQHandler                      0x0800015f   Thumb Code     0  startup_stm32f10x_hd.o(.text)
    TIM1_CC_IRQHandler                       0x0800015f   Thumb Code     0  startup_stm32f10x_hd.o(.text)
    TIM1_TRG_COM_IRQHandler                  0x0800015f   Thumb Code     0  startup_stm32f10x_hd.o(.text)
    TIM1_UP_IRQHandler                       0x0800015f   Thumb Code     0  startup_stm32f10x_hd.o(.text)
    TIM2_IRQHandler                          0x0800015f   Thumb Code     0  startup_stm32f10x_hd.o(.text)
    TIM4_IRQHandler                          0x0800015f   Thumb Code     0  startup_stm32f10x_hd.o(.text)
    TIM5_IRQHandler                          0x0800015f   Thumb Code     0  startup_stm32f10x_hd.o(.text)
    TIM6_IRQHandler                          0x0800015f   Thumb Code     0  startup_stm32f10x_hd.o(.text)
    TIM7_IRQHandler                          0x0800015f   Thumb Code     0  startup_stm32f10x_hd.o(.text)
    TIM8_BRK_IRQHandler                      0x0800015f   Thumb Code     0  startup_stm32f10x_hd.o(.text)
    TIM8_CC_IRQHandler                       0x0800015f   Thumb Code     0  startup_stm32f10x_hd.o(.text)
    TIM8_TRG_COM_IRQHandler                  0x0800015f   Thumb Code     0  startup_stm32f10x_hd.o(.text)
    TIM8_UP_IRQHandler                       0x0800015f   Thumb Code     0  startup_stm32f10x_hd.o(.text)
    UART4_IRQHandler                         0x0800015f   Thumb Code     0  startup_stm32f10x_hd.o(.text)
    USART2_IRQHandler                        0x0800015f   Thumb Code     0  startup_stm32f10x_hd.o(.text)
    USART3_IRQHandler                        0x0800015f   Thumb Code     0  startup_stm32f10x_hd.o(.text)
    USBWakeUp_IRQHandler                     0x0800015f   Thumb Code     0  startup_stm32f10x_hd.o(.text)
    USB_HP_CAN1_TX_IRQHandler                0x0800015f   Thumb Code     0  startup_stm32f10x_hd.o(.text)
    USB_LP_CAN1_RX0_IRQHandler               0x0800015f   Thumb Code     0  startup_stm32f10x_hd.o(.text)
    WWDG_IRQHandler                          0x0800015f   Thumb Code     0  startup_stm32f10x_hd.o(.text)
    RCC_DeInit                               0x08000169   Thumb Code    64  stm32f10x_rcc.o(.text)
    RCC_HSEConfig                            0x080001a9   Thumb Code    70  stm32f10x_rcc.o(.text)
    RCC_GetFlagStatus                        0x080001ef   Thumb Code    56  stm32f10x_rcc.o(.text)
    RCC_WaitForHSEStartUp                    0x08000227   Thumb Code    56  stm32f10x_rcc.o(.text)
    RCC_AdjustHSICalibrationValue            0x0800025f   Thumb Code    20  stm32f10x_rcc.o(.text)
    RCC_HSICmd                               0x08000273   Thumb Code     6  stm32f10x_rcc.o(.text)
    RCC_PLLConfig                            0x08000279   Thumb Code    24  stm32f10x_rcc.o(.text)
    RCC_PLLCmd                               0x08000291   Thumb Code     6  stm32f10x_rcc.o(.text)
    RCC_SYSCLKConfig                         0x08000297   Thumb Code    18  stm32f10x_rcc.o(.text)
    RCC_GetSYSCLKSource                      0x080002a9   Thumb Code    10  stm32f10x_rcc.o(.text)
    RCC_HCLKConfig                           0x080002b3   Thumb Code    18  stm32f10x_rcc.o(.text)
    RCC_PCLK1Config                          0x080002c5   Thumb Code    18  stm32f10x_rcc.o(.text)
    RCC_PCLK2Config                          0x080002d7   Thumb Code    20  stm32f10x_rcc.o(.text)
    RCC_ITConfig                             0x080002eb   Thumb Code    26  stm32f10x_rcc.o(.text)
    RCC_USBCLKConfig                         0x08000305   Thumb Code     8  stm32f10x_rcc.o(.text)
    RCC_ADCCLKConfig                         0x0800030d   Thumb Code    18  stm32f10x_rcc.o(.text)
    RCC_LSEConfig                            0x0800031f   Thumb Code    50  stm32f10x_rcc.o(.text)
    RCC_LSICmd                               0x08000351   Thumb Code     6  stm32f10x_rcc.o(.text)
    RCC_RTCCLKConfig                         0x08000357   Thumb Code    12  stm32f10x_rcc.o(.text)
    RCC_RTCCLKCmd                            0x08000363   Thumb Code     8  stm32f10x_rcc.o(.text)
    RCC_GetClocksFreq                        0x0800036b   Thumb Code   192  stm32f10x_rcc.o(.text)
    RCC_AHBPeriphClockCmd                    0x0800042b   Thumb Code    26  stm32f10x_rcc.o(.text)
    RCC_APB2PeriphClockCmd                   0x08000445   Thumb Code    26  stm32f10x_rcc.o(.text)
    RCC_APB1PeriphClockCmd                   0x0800045f   Thumb Code    26  stm32f10x_rcc.o(.text)
    RCC_APB2PeriphResetCmd                   0x08000479   Thumb Code    26  stm32f10x_rcc.o(.text)
    RCC_APB1PeriphResetCmd                   0x08000493   Thumb Code    26  stm32f10x_rcc.o(.text)
    RCC_BackupResetCmd                       0x080004ad   Thumb Code     8  stm32f10x_rcc.o(.text)
    RCC_ClockSecuritySystemCmd               0x080004b5   Thumb Code     6  stm32f10x_rcc.o(.text)
    RCC_MCOConfig                            0x080004bb   Thumb Code     6  stm32f10x_rcc.o(.text)
    RCC_ClearFlag                            0x080004c1   Thumb Code    14  stm32f10x_rcc.o(.text)
    RCC_GetITStatus                          0x080004cf   Thumb Code    20  stm32f10x_rcc.o(.text)
    RCC_ClearITPendingBit                    0x080004e3   Thumb Code     6  stm32f10x_rcc.o(.text)
    GPIO_DeInit                              0x0800050d   Thumb Code   172  stm32f10x_gpio.o(.text)
    GPIO_AFIODeInit                          0x080005b9   Thumb Code    20  stm32f10x_gpio.o(.text)
    GPIO_Init                                0x080005cd   Thumb Code   278  stm32f10x_gpio.o(.text)
    GPIO_StructInit                          0x080006e3   Thumb Code    16  stm32f10x_gpio.o(.text)
    GPIO_ReadInputDataBit                    0x080006f3   Thumb Code    18  stm32f10x_gpio.o(.text)
    GPIO_ReadInputData                       0x08000705   Thumb Code     8  stm32f10x_gpio.o(.text)
    GPIO_ReadOutputDataBit                   0x0800070d   Thumb Code    18  stm32f10x_gpio.o(.text)
    GPIO_ReadOutputData                      0x0800071f   Thumb Code     8  stm32f10x_gpio.o(.text)
    GPIO_SetBits                             0x08000727   Thumb Code     4  stm32f10x_gpio.o(.text)
    GPIO_ResetBits                           0x0800072b   Thumb Code     4  stm32f10x_gpio.o(.text)
    GPIO_WriteBit                            0x0800072f   Thumb Code    10  stm32f10x_gpio.o(.text)
    GPIO_Write                               0x08000739   Thumb Code     4  stm32f10x_gpio.o(.text)
    GPIO_PinLockConfig                       0x0800073d   Thumb Code    18  stm32f10x_gpio.o(.text)
    GPIO_EventOutputConfig                   0x0800074f   Thumb Code    26  stm32f10x_gpio.o(.text)
    GPIO_EventOutputCmd                      0x08000769   Thumb Code     6  stm32f10x_gpio.o(.text)
    GPIO_PinRemapConfig                      0x0800076f   Thumb Code   138  stm32f10x_gpio.o(.text)
    GPIO_EXTILineConfig                      0x080007f9   Thumb Code    66  stm32f10x_gpio.o(.text)
    GPIO_ETH_MediaInterfaceConfig            0x0800083b   Thumb Code     8  stm32f10x_gpio.o(.text)
    USART_DeInit                             0x08000869   Thumb Code   134  stm32f10x_usart.o(.text)
    USART_Init                               0x080008ef   Thumb Code   210  stm32f10x_usart.o(.text)
    USART_StructInit                         0x080009c1   Thumb Code    24  stm32f10x_usart.o(.text)
    USART_ClockInit                          0x080009d9   Thumb Code    34  stm32f10x_usart.o(.text)
    USART_ClockStructInit                    0x080009fb   Thumb Code    12  stm32f10x_usart.o(.text)
    USART_Cmd                                0x08000a07   Thumb Code    24  stm32f10x_usart.o(.text)
    USART_ITConfig                           0x08000a1f   Thumb Code    74  stm32f10x_usart.o(.text)
    USART_DMACmd                             0x08000a69   Thumb Code    18  stm32f10x_usart.o(.text)
    USART_SetAddress                         0x08000a7b   Thumb Code    18  stm32f10x_usart.o(.text)
    USART_WakeUpConfig                       0x08000a8d   Thumb Code    18  stm32f10x_usart.o(.text)
    USART_ReceiverWakeUpCmd                  0x08000a9f   Thumb Code    24  stm32f10x_usart.o(.text)
    USART_LINBreakDetectLengthConfig         0x08000ab7   Thumb Code    18  stm32f10x_usart.o(.text)
    USART_LINCmd                             0x08000ac9   Thumb Code    24  stm32f10x_usart.o(.text)
    USART_SendData                           0x08000ae1   Thumb Code     8  stm32f10x_usart.o(.text)
    USART_ReceiveData                        0x08000ae9   Thumb Code    10  stm32f10x_usart.o(.text)
    USART_SendBreak                          0x08000af3   Thumb Code    10  stm32f10x_usart.o(.text)
    USART_SetGuardTime                       0x08000afd   Thumb Code    16  stm32f10x_usart.o(.text)
    USART_SetPrescaler                       0x08000b0d   Thumb Code    16  stm32f10x_usart.o(.text)
    USART_SmartCardCmd                       0x08000b1d   Thumb Code    24  stm32f10x_usart.o(.text)
    USART_SmartCardNACKCmd                   0x08000b35   Thumb Code    24  stm32f10x_usart.o(.text)
    USART_HalfDuplexCmd                      0x08000b4d   Thumb Code    24  stm32f10x_usart.o(.text)
    USART_OverSampling8Cmd                   0x08000b65   Thumb Code    22  stm32f10x_usart.o(.text)
    USART_OneBitMethodCmd                    0x08000b7b   Thumb Code    24  stm32f10x_usart.o(.text)
    USART_IrDAConfig                         0x08000b93   Thumb Code    18  stm32f10x_usart.o(.text)
    USART_IrDACmd                            0x08000ba5   Thumb Code    24  stm32f10x_usart.o(.text)
    USART_GetFlagStatus                      0x08000bbd   Thumb Code    26  stm32f10x_usart.o(.text)
    USART_ClearFlag                          0x08000bd7   Thumb Code    18  stm32f10x_usart.o(.text)
    USART_GetITStatus                        0x08000be9   Thumb Code    84  stm32f10x_usart.o(.text)
    USART_ClearITPendingBit                  0x08000c3d   Thumb Code    52  stm32f10x_usart.o(.text)
    NVIC_PriorityGroupConfig                 0x08000c71   Thumb Code    10  misc.o(.text)
    NVIC_Init                                0x08000c7b   Thumb Code   100  misc.o(.text)
    NVIC_SetVectorTable                      0x08000cdf   Thumb Code    14  misc.o(.text)
    NVIC_SystemLPConfig                      0x08000ced   Thumb Code    34  misc.o(.text)
    SysTick_CLKSourceConfig                  0x08000d0f   Thumb Code    40  misc.o(.text)
    EXTI_DeInit                              0x08000d4d   Thumb Code    28  stm32f10x_exti.o(.text)
    EXTI_Init                                0x08000d69   Thumb Code   142  stm32f10x_exti.o(.text)
    EXTI_StructInit                          0x08000df7   Thumb Code    16  stm32f10x_exti.o(.text)
    EXTI_GenerateSWInterrupt                 0x08000e07   Thumb Code    16  stm32f10x_exti.o(.text)
    EXTI_GetFlagStatus                       0x08000e17   Thumb Code    22  stm32f10x_exti.o(.text)
    EXTI_ClearFlag                           0x08000e2d   Thumb Code     8  stm32f10x_exti.o(.text)
    EXTI_GetITStatus                         0x08000e35   Thumb Code    34  stm32f10x_exti.o(.text)
    EXTI_ClearITPendingBit                   0x08000e57   Thumb Code     8  stm32f10x_exti.o(.text)
    FLASH_SetLatency                         0x08000e69   Thumb Code    18  stm32f10x_flash.o(.text)
    FLASH_HalfCycleAccessCmd                 0x08000e7b   Thumb Code    22  stm32f10x_flash.o(.text)
    FLASH_PrefetchBufferCmd                  0x08000e91   Thumb Code    22  stm32f10x_flash.o(.text)
    FLASH_Unlock                             0x08000ea7   Thumb Code    12  stm32f10x_flash.o(.text)
    FLASH_UnlockBank1                        0x08000eb3   Thumb Code    12  stm32f10x_flash.o(.text)
    FLASH_Lock                               0x08000ebf   Thumb Code    14  stm32f10x_flash.o(.text)
    FLASH_LockBank1                          0x08000ecd   Thumb Code    14  stm32f10x_flash.o(.text)
    FLASH_GetBank1Status                     0x08000edb   Thumb Code    48  stm32f10x_flash.o(.text)
    FLASH_WaitForLastOperation               0x08000f0b   Thumb Code    38  stm32f10x_flash.o(.text)
    FLASH_ErasePage                          0x08000f31   Thumb Code    72  stm32f10x_flash.o(.text)
    FLASH_EraseAllPages                      0x08000f79   Thumb Code    68  stm32f10x_flash.o(.text)
    FLASH_WaitForLastBank1Operation          0x08000fbd   Thumb Code    38  stm32f10x_flash.o(.text)
    FLASH_EraseAllBank1Pages                 0x08000fe3   Thumb Code    68  stm32f10x_flash.o(.text)
    FLASH_GetReadOutProtectionStatus         0x08001027   Thumb Code    20  stm32f10x_flash.o(.text)
    FLASH_EraseOptionBytes                   0x0800103b   Thumb Code   150  stm32f10x_flash.o(.text)
    FLASH_ProgramWord                        0x080010d1   Thumb Code   102  stm32f10x_flash.o(.text)
    FLASH_ProgramHalfWord                    0x08001137   Thumb Code    60  stm32f10x_flash.o(.text)
    FLASH_ProgramOptionByteData              0x08001173   Thumb Code    72  stm32f10x_flash.o(.text)
    FLASH_EnableWriteProtection              0x080011bb   Thumb Code   200  stm32f10x_flash.o(.text)
    FLASH_ReadOutProtection                  0x08001283   Thumb Code   156  stm32f10x_flash.o(.text)
    FLASH_UserOptionByteConfig               0x0800131f   Thumb Code    88  stm32f10x_flash.o(.text)
    FLASH_GetUserOptionByte                  0x08001377   Thumb Code     8  stm32f10x_flash.o(.text)
    FLASH_GetWriteProtectionOptionByte       0x0800137f   Thumb Code     6  stm32f10x_flash.o(.text)
    FLASH_GetPrefetchBufferStatus            0x08001385   Thumb Code    20  stm32f10x_flash.o(.text)
    FLASH_ITConfig                           0x08001399   Thumb Code    26  stm32f10x_flash.o(.text)
    FLASH_GetFlagStatus                      0x080013b3   Thumb Code    42  stm32f10x_flash.o(.text)
    FLASH_ClearFlag                          0x080013dd   Thumb Code     6  stm32f10x_flash.o(.text)
    FLASH_GetStatus                          0x080013e3   Thumb Code    48  stm32f10x_flash.o(.text)
    SPI_I2S_DeInit                           0x08001425   Thumb Code    76  stm32f10x_spi.o(.text)
    SPI_Init                                 0x08001471   Thumb Code    60  stm32f10x_spi.o(.text)
    I2S_Init                                 0x080014ad   Thumb Code   226  stm32f10x_spi.o(.text)
    SPI_StructInit                           0x0800158f   Thumb Code    24  stm32f10x_spi.o(.text)
    I2S_StructInit                           0x080015a7   Thumb Code    20  stm32f10x_spi.o(.text)
    SPI_Cmd                                  0x080015bb   Thumb Code    24  stm32f10x_spi.o(.text)
    I2S_Cmd                                  0x080015d3   Thumb Code    24  stm32f10x_spi.o(.text)
    SPI_I2S_ITConfig                         0x080015eb   Thumb Code    32  stm32f10x_spi.o(.text)
    SPI_I2S_DMACmd                           0x0800160b   Thumb Code    18  stm32f10x_spi.o(.text)
    SPI_I2S_SendData                         0x0800161d   Thumb Code     4  stm32f10x_spi.o(.text)
    SPI_I2S_ReceiveData                      0x08001621   Thumb Code     6  stm32f10x_spi.o(.text)
    SPI_NSSInternalSoftwareConfig            0x08001627   Thumb Code    30  stm32f10x_spi.o(.text)
    SPI_SSOutputCmd                          0x08001645   Thumb Code    24  stm32f10x_spi.o(.text)
    SPI_DataSizeConfig                       0x0800165d   Thumb Code    18  stm32f10x_spi.o(.text)
    SPI_TransmitCRC                          0x0800166f   Thumb Code    10  stm32f10x_spi.o(.text)
    SPI_CalculateCRC                         0x08001679   Thumb Code    24  stm32f10x_spi.o(.text)
    SPI_GetCRC                               0x08001691   Thumb Code    16  stm32f10x_spi.o(.text)
    SPI_GetCRCPolynomial                     0x080016a1   Thumb Code     6  stm32f10x_spi.o(.text)
    SPI_BiDirectionalLineConfig              0x080016a7   Thumb Code    28  stm32f10x_spi.o(.text)
    SPI_I2S_GetFlagStatus                    0x080016c3   Thumb Code    18  stm32f10x_spi.o(.text)
    SPI_I2S_ClearFlag                        0x080016d5   Thumb Code     6  stm32f10x_spi.o(.text)
    SPI_I2S_GetITStatus                      0x080016db   Thumb Code    52  stm32f10x_spi.o(.text)
    SPI_I2S_ClearITPendingBit                0x0800170f   Thumb Code    20  stm32f10x_spi.o(.text)
    TIM_DeInit                               0x08001731   Thumb Code   424  stm32f10x_tim.o(.text)
    TIM_TimeBaseInit                         0x080018d9   Thumb Code   122  stm32f10x_tim.o(.text)
    TIM_OC1Init                              0x08001953   Thumb Code   132  stm32f10x_tim.o(.text)
    TIM_OC2Init                              0x080019d7   Thumb Code   154  stm32f10x_tim.o(.text)
    TIM_OC3Init                              0x08001a71   Thumb Code   150  stm32f10x_tim.o(.text)
    TIM_OC4Init                              0x08001b07   Thumb Code   182  stm32f10x_tim.o(.text)
    TIM_SetIC4Prescaler                      0x08001bbd   Thumb Code    26  stm32f10x_tim.o(.text)
    TIM_SetIC3Prescaler                      0x08001c59   Thumb Code    18  stm32f10x_tim.o(.text)
    TIM_SetIC2Prescaler                      0x08001ce5   Thumb Code    26  stm32f10x_tim.o(.text)
    TIM_SetIC1Prescaler                      0x08001d81   Thumb Code    18  stm32f10x_tim.o(.text)
    TIM_ICInit                               0x08001dff   Thumb Code   150  stm32f10x_tim.o(.text)
    TIM_PWMIConfig                           0x08001e95   Thumb Code   124  stm32f10x_tim.o(.text)
    TIM_BDTRConfig                           0x08001f11   Thumb Code    32  stm32f10x_tim.o(.text)
    TIM_TimeBaseStructInit                   0x08001f31   Thumb Code    18  stm32f10x_tim.o(.text)
    TIM_OCStructInit                         0x08001f43   Thumb Code    20  stm32f10x_tim.o(.text)
    TIM_ICStructInit                         0x08001f57   Thumb Code    18  stm32f10x_tim.o(.text)
    TIM_BDTRStructInit                       0x08001f69   Thumb Code    40  stm32f10x_tim.o(.text)
    TIM_Cmd                                  0x08001f91   Thumb Code    24  stm32f10x_tim.o(.text)
    TIM_CtrlPWMOutputs                       0x08001fa9   Thumb Code    30  stm32f10x_tim.o(.text)
    TIM_ITConfig                             0x08001fc7   Thumb Code    18  stm32f10x_tim.o(.text)
    TIM_GenerateEvent                        0x08001fd9   Thumb Code     4  stm32f10x_tim.o(.text)
    TIM_DMAConfig                            0x08001fdd   Thumb Code    10  stm32f10x_tim.o(.text)
    TIM_DMACmd                               0x08001fe7   Thumb Code    18  stm32f10x_tim.o(.text)
    TIM_InternalClockConfig                  0x08001ff9   Thumb Code    12  stm32f10x_tim.o(.text)
    TIM_SelectInputTrigger                   0x08002005   Thumb Code    18  stm32f10x_tim.o(.text)
    TIM_ITRxExternalClockConfig              0x08002017   Thumb Code    24  stm32f10x_tim.o(.text)
    TIM_TIxExternalClockConfig               0x0800202f   Thumb Code    62  stm32f10x_tim.o(.text)
    TIM_ETRConfig                            0x0800206d   Thumb Code    28  stm32f10x_tim.o(.text)
    TIM_ETRClockMode1Config                  0x08002089   Thumb Code    54  stm32f10x_tim.o(.text)
    TIM_ETRClockMode2Config                  0x080020bf   Thumb Code    32  stm32f10x_tim.o(.text)
    TIM_PrescalerConfig                      0x080020df   Thumb Code     6  stm32f10x_tim.o(.text)
    TIM_CounterModeConfig                    0x080020e5   Thumb Code    18  stm32f10x_tim.o(.text)
    TIM_EncoderInterfaceConfig               0x080020f7   Thumb Code    66  stm32f10x_tim.o(.text)
    TIM_ForcedOC1Config                      0x08002139   Thumb Code    18  stm32f10x_tim.o(.text)
    TIM_ForcedOC2Config                      0x0800214b   Thumb Code    26  stm32f10x_tim.o(.text)
    TIM_ForcedOC3Config                      0x08002165   Thumb Code    18  stm32f10x_tim.o(.text)
    TIM_ForcedOC4Config                      0x08002177   Thumb Code    26  stm32f10x_tim.o(.text)
    TIM_ARRPreloadConfig                     0x08002191   Thumb Code    24  stm32f10x_tim.o(.text)
    TIM_SelectCOM                            0x080021a9   Thumb Code    24  stm32f10x_tim.o(.text)
    TIM_SelectCCDMA                          0x080021c1   Thumb Code    24  stm32f10x_tim.o(.text)
    TIM_CCPreloadControl                     0x080021d9   Thumb Code    24  stm32f10x_tim.o(.text)
    TIM_OC1PreloadConfig                     0x080021f1   Thumb Code    18  stm32f10x_tim.o(.text)
    TIM_OC2PreloadConfig                     0x08002203   Thumb Code    26  stm32f10x_tim.o(.text)
    TIM_OC3PreloadConfig                     0x0800221d   Thumb Code    18  stm32f10x_tim.o(.text)
    TIM_OC4PreloadConfig                     0x0800222f   Thumb Code    26  stm32f10x_tim.o(.text)
    TIM_OC1FastConfig                        0x08002249   Thumb Code    18  stm32f10x_tim.o(.text)
    TIM_OC2FastConfig                        0x0800225b   Thumb Code    26  stm32f10x_tim.o(.text)
    TIM_OC3FastConfig                        0x08002275   Thumb Code    18  stm32f10x_tim.o(.text)
    TIM_OC4FastConfig                        0x08002287   Thumb Code    26  stm32f10x_tim.o(.text)
    TIM_ClearOC1Ref                          0x080022a1   Thumb Code    18  stm32f10x_tim.o(.text)
    TIM_ClearOC2Ref                          0x080022b3   Thumb Code    24  stm32f10x_tim.o(.text)
    TIM_ClearOC3Ref                          0x080022cb   Thumb Code    18  stm32f10x_tim.o(.text)
    TIM_ClearOC4Ref                          0x080022dd   Thumb Code    24  stm32f10x_tim.o(.text)
    TIM_OC1PolarityConfig                    0x080022f5   Thumb Code    18  stm32f10x_tim.o(.text)
    TIM_OC1NPolarityConfig                   0x08002307   Thumb Code    18  stm32f10x_tim.o(.text)
    TIM_OC2PolarityConfig                    0x08002319   Thumb Code    26  stm32f10x_tim.o(.text)
    TIM_OC2NPolarityConfig                   0x08002333   Thumb Code    26  stm32f10x_tim.o(.text)
    TIM_OC3PolarityConfig                    0x0800234d   Thumb Code    26  stm32f10x_tim.o(.text)
    TIM_OC3NPolarityConfig                   0x08002367   Thumb Code    26  stm32f10x_tim.o(.text)
    TIM_OC4PolarityConfig                    0x08002381   Thumb Code    26  stm32f10x_tim.o(.text)
    TIM_CCxCmd                               0x0800239b   Thumb Code    30  stm32f10x_tim.o(.text)
    TIM_CCxNCmd                              0x080023b9   Thumb Code    30  stm32f10x_tim.o(.text)
    TIM_SelectOCxM                           0x080023d7   Thumb Code    82  stm32f10x_tim.o(.text)
    TIM_UpdateDisableConfig                  0x08002429   Thumb Code    24  stm32f10x_tim.o(.text)
    TIM_UpdateRequestConfig                  0x08002441   Thumb Code    24  stm32f10x_tim.o(.text)
    TIM_SelectHallSensor                     0x08002459   Thumb Code    24  stm32f10x_tim.o(.text)
    TIM_SelectOnePulseMode                   0x08002471   Thumb Code    18  stm32f10x_tim.o(.text)
    TIM_SelectOutputTrigger                  0x08002483   Thumb Code    18  stm32f10x_tim.o(.text)
    TIM_SelectSlaveMode                      0x08002495   Thumb Code    18  stm32f10x_tim.o(.text)
    TIM_SelectMasterSlaveMode                0x080024a7   Thumb Code    18  stm32f10x_tim.o(.text)
    TIM_SetCounter                           0x080024b9   Thumb Code     4  stm32f10x_tim.o(.text)
    TIM_SetAutoreload                        0x080024bd   Thumb Code     4  stm32f10x_tim.o(.text)
    TIM_SetCompare1                          0x080024c1   Thumb Code     4  stm32f10x_tim.o(.text)
    TIM_SetCompare2                          0x080024c5   Thumb Code     4  stm32f10x_tim.o(.text)
    TIM_SetCompare3                          0x080024c9   Thumb Code     4  stm32f10x_tim.o(.text)
    TIM_SetCompare4                          0x080024cd   Thumb Code     6  stm32f10x_tim.o(.text)
    TIM_SetClockDivision                     0x080024d3   Thumb Code    18  stm32f10x_tim.o(.text)
    TIM_GetCapture1                          0x080024e5   Thumb Code     6  stm32f10x_tim.o(.text)
    TIM_GetCapture2                          0x080024eb   Thumb Code     6  stm32f10x_tim.o(.text)
    TIM_GetCapture3                          0x080024f1   Thumb Code     6  stm32f10x_tim.o(.text)
    TIM_GetCapture4                          0x080024f7   Thumb Code     8  stm32f10x_tim.o(.text)
    TIM_GetCounter                           0x080024ff   Thumb Code     6  stm32f10x_tim.o(.text)
    TIM_GetPrescaler                         0x08002505   Thumb Code     6  stm32f10x_tim.o(.text)
    TIM_GetFlagStatus                        0x0800250b   Thumb Code    18  stm32f10x_tim.o(.text)
    TIM_ClearFlag                            0x0800251d   Thumb Code     6  stm32f10x_tim.o(.text)
    TIM_GetITStatus                          0x08002523   Thumb Code    34  stm32f10x_tim.o(.text)
    TIM_ClearITPendingBit                    0x08002545   Thumb Code     6  stm32f10x_tim.o(.text)
    IWDG_WriteAccessCmd                      0x0800254d   Thumb Code     6  stm32f10x_iwdg.o(.text)
    IWDG_SetPrescaler                        0x08002553   Thumb Code     6  stm32f10x_iwdg.o(.text)
    IWDG_SetReload                           0x08002559   Thumb Code     6  stm32f10x_iwdg.o(.text)
    IWDG_ReloadCounter                       0x0800255f   Thumb Code    10  stm32f10x_iwdg.o(.text)
    IWDG_Enable                              0x08002569   Thumb Code    10  stm32f10x_iwdg.o(.text)
    IWDG_GetFlagStatus                       0x08002573   Thumb Code    20  stm32f10x_iwdg.o(.text)
    PWR_DeInit                               0x0800258d   Thumb Code    22  stm32f10x_pwr.o(.text)
    PWR_BackupAccessCmd                      0x080025a3   Thumb Code     6  stm32f10x_pwr.o(.text)
    PWR_PVDCmd                               0x080025a9   Thumb Code     6  stm32f10x_pwr.o(.text)
    PWR_PVDLevelConfig                       0x080025af   Thumb Code    18  stm32f10x_pwr.o(.text)
    PWR_WakeUpPinCmd                         0x080025c1   Thumb Code     8  stm32f10x_pwr.o(.text)
    PWR_EnterSTOPMode                        0x080025c9   Thumb Code    54  stm32f10x_pwr.o(.text)
    PWR_EnterSTANDBYMode                     0x080025ff   Thumb Code    42  stm32f10x_pwr.o(.text)
    PWR_GetFlagStatus                        0x08002629   Thumb Code    20  stm32f10x_pwr.o(.text)
    PWR_ClearFlag                            0x0800263d   Thumb Code    14  stm32f10x_pwr.o(.text)
    BKP_DeInit                               0x08002659   Thumb Code    16  stm32f10x_bkp.o(.text)
    BKP_TamperPinLevelConfig                 0x08002669   Thumb Code     6  stm32f10x_bkp.o(.text)
    BKP_TamperPinCmd                         0x0800266f   Thumb Code     8  stm32f10x_bkp.o(.text)
    BKP_ITConfig                             0x08002677   Thumb Code     8  stm32f10x_bkp.o(.text)
    BKP_RTCOutputConfig                      0x0800267f   Thumb Code    22  stm32f10x_bkp.o(.text)
    BKP_SetRTCCalibrationValue               0x08002695   Thumb Code    22  stm32f10x_bkp.o(.text)
    BKP_WriteBackupRegister                  0x080026ab   Thumb Code    24  stm32f10x_bkp.o(.text)
    BKP_ReadBackupRegister                   0x080026c3   Thumb Code    26  stm32f10x_bkp.o(.text)
    BKP_GetFlagStatus                        0x080026dd   Thumb Code    10  stm32f10x_bkp.o(.text)
    BKP_ClearFlag                            0x080026e7   Thumb Code    18  stm32f10x_bkp.o(.text)
    BKP_GetITStatus                          0x080026f9   Thumb Code    10  stm32f10x_bkp.o(.text)
    BKP_ClearITPendingBit                    0x08002703   Thumb Code    18  stm32f10x_bkp.o(.text)
    SystemInit                               0x080027c5   Thumb Code    78  system_stm32f10x.o(.text)
    SystemCoreClockUpdate                    0x08002813   Thumb Code   142  system_stm32f10x.o(.text)
    NMI_Handler                              0x080028c5   Thumb Code     2  stm32f10x_it.o(.text)
    HardFault_Handler                        0x080028c7   Thumb Code     4  stm32f10x_it.o(.text)
    MemManage_Handler                        0x080028cb   Thumb Code     4  stm32f10x_it.o(.text)
    BusFault_Handler                         0x080028cf   Thumb Code     4  stm32f10x_it.o(.text)
    UsageFault_Handler                       0x080028d3   Thumb Code     4  stm32f10x_it.o(.text)
    SVC_Handler                              0x080028d7   Thumb Code     2  stm32f10x_it.o(.text)
    DebugMon_Handler                         0x080028d9   Thumb Code     2  stm32f10x_it.o(.text)
    PendSV_Handler                           0x080028db   Thumb Code     2  stm32f10x_it.o(.text)
    SysTick_Handler                          0x080028dd   Thumb Code     2  stm32f10x_it.o(.text)
    delay_init                               0x080028e1   Thumb Code    50  delay.o(.text)
    delay_us                                 0x08002913   Thumb Code    72  delay.o(.text)
    delay_ms                                 0x0800295b   Thumb Code    78  delay.o(.text)
    System_Init                              0x080029b9   Thumb Code   220  sys.o(.text)
    Sys_Soft_Reset                           0x08002a95   Thumb Code    16  sys.o(.text)
    SPI2_Init                                0x08002aad   Thumb Code   134  spi.o(.text)
    SPI2_SetSpeed                            0x08002b33   Thumb Code    36  spi.o(.text)
    SPI1_ReadWriteByte                       0x08002b57   Thumb Code    78  spi.o(.text)
    SPI_Flash_Init                           0x08002bb1   Thumb Code   176  flash.o(.text)
    SPI_Flash_ReadSR                         0x08002c61   Thumb Code    38  flash.o(.text)
    SPI_FLASH_Write_SR                       0x08002c87   Thumb Code    34  flash.o(.text)
    SPI_FLASH_Write_Enable                   0x08002ca9   Thumb Code    26  flash.o(.text)
    SPI_FLASH_Write_Disable                  0x08002cc3   Thumb Code    26  flash.o(.text)
    SPI_Flash_ReadID                         0x08002cdd   Thumb Code    66  flash.o(.text)
    SPI_Flash_Read                           0x08002d1f   Thumb Code    78  flash.o(.text)
    SPI_Flash_Wait_Busy                      0x08002d6d   Thumb Code    18  flash.o(.text)
    SPI_Flash_Write_Page                     0x08002d7f   Thumb Code    84  flash.o(.text)
    SPI_Flash_Write_NoCheck                  0x08002dd3   Thumb Code    70  flash.o(.text)
    SPI_Flash_Erase_Sector                   0x08002e19   Thumb Code    64  flash.o(.text)
    SPI_Flash_Write                          0x08002e59   Thumb Code   180  flash.o(.text)
    SPI_Flash_Erase_Chip                     0x08002f0d   Thumb Code    38  flash.o(.text)
    SPI_Flash_PowerDown                      0x08002f33   Thumb Code    32  flash.o(.text)
    SPI_Flash_WAKEUP                         0x08002f53   Thumb Code    32  flash.o(.text)
    WriteDATAtoFlash                         0x08002f73   Thumb Code   358  flash.o(.text)
    ReadDATAfromFlash                        0x080030d9   Thumb Code   364  flash.o(.text)
    crc16_ctrl                               0x08003245   Thumb Code    36  crc16.o(.text)
    crc16                                    0x08003269   Thumb Code    54  crc16.o(.text)
    STMFLASH_ReadHalfWord                    0x080032a5   Thumb Code     6  stmflash.o(.text)
    STMFLASH_Write_NoCheck                   0x080032ab   Thumb Code    38  stmflash.o(.text)
    STMFLASH_Read                            0x080032d1   Thumb Code    34  stmflash.o(.text)
    STMFLASH_Write                           0x080032f3   Thumb Code   222  stmflash.o(.text)
    Test_Write                               0x080033d1   Thumb Code    16  stmflash.o(.text)
    HexToAscII                               0x080033e9   Thumb Code    50  utils.o(.text)
    AscToHex                                 0x0800341b   Thumb Code    74  utils.o(.text)
    hextobcd                                 0x08003465   Thumb Code   100  utils.o(.text)
    BcdtoHex                                 0x080034c9   Thumb Code    24  utils.o(.text)
    ulong_to_ascii                           0x080034e1   Thumb Code   308  utils.o(.text)
    TIM3_Int_Init                            0x08003615   Thumb Code    90  timer.o(.text)
    TIM3_IRQHandler                          0x0800366f   Thumb Code    28  timer.o(.text)
    Minute_Task                              0x0800368b   Thumb Code   114  timer.o(.text)
    Timer_task                               0x080036fd   Thumb Code   506  timer.o(.text)
    GPIO_Config                              0x08003995   Thumb Code   320  config.o(.text)
    GPIO_NOUSE_Config                        0x08003ad5   Thumb Code   208  config.o(.text)
    USART1toEXTI                             0x08003ba5   Thumb Code   110  config.o(.text)
    EXTI15_10_IRQHandler                     0x08003c13   Thumb Code    58  config.o(.text)
    EXTI3_IRQHandler                         0x08003c4d   Thumb Code    24  config.o(.text)
    IWDG_Init                                0x08003c65   Thumb Code    36  config.o(.text)
    IWDG_Feed                                0x08003c89   Thumb Code    16  config.o(.text)
    Verision                                 0x08003cbd   Thumb Code   244  datadeal.o(.text)
    RebackPC                                 0x08003db1   Thumb Code   158  datadeal.o(.text)
    Send_BQ_data_dir                         0x08003e4f   Thumb Code    94  datadeal.o(.text)
    Send_BQ_time_dir                         0x08003ead   Thumb Code   246  datadeal.o(.text)
    Hex2Hamming_Code                         0x08003fa3   Thumb Code    36  datadeal.o(.text)
    PC_BQ_data_deal                          0x08003fc7   Thumb Code  1900  datadeal.o(.text)
    B68datadeal                              0x08004733   Thumb Code  1064  datadeal.o(.text)
    Hamming_Code2Hex                         0x08004b5b   Thumb Code    30  datadeal.o(.text)
    Water2flow                               0x08004b79   Thumb Code    44  datadeal.o(.text)
    Byte8datadeal                            0x08004ba5   Thumb Code   526  datadeal.o(.text)
    Byte15datadeal                           0x08004db3   Thumb Code   422  datadeal.o(.text)
    Reback68byte                             0x08004f59   Thumb Code   126  datadeal.o(.text)
    Newprotdatadeal                          0x08004fd7   Thumb Code     2  datadeal.o(.text)
    Send_DeleteCMD                           0x08004fd9   Thumb Code    40  datadeal.o(.text)
    Send_BQ_data_light                       0x08005001   Thumb Code   110  datadeal.o(.text)
    Send_DatatoCrtl                          0x0800506f   Thumb Code    78  datadeal.o(.text)
    Getshowdata                              0x080050bd   Thumb Code   960  datadeal.o(.text)
    ChangeScreemdata                         0x0800547d   Thumb Code  1698  datadeal.o(.text)
    ComposeScreendata                        0x08005b1f   Thumb Code   708  datadeal.o(.text)
    Display                                  0x08005de3   Thumb Code   416  datadeal.o(.text)
    RecDataFroBoardUart1                     0x08005f83   Thumb Code   246  datadeal.o(.text)
    ReadFlashpara                            0x080060bd   Thumb Code  1796  globalvar.o(.text)
    initGlobleVar                            0x080067c1   Thumb Code   236  globalvar.o(.text)
    display_start                            0x080068ad   Thumb Code   352  globalvar.o(.text)
    Refresh_Flashpara                        0x08006a0d   Thumb Code    54  globalvar.o(.text)
    USART_Config                             0x08006a4d   Thumb Code   580  usart.o(.text)
    fputc                                    0x08006c91   Thumb Code    36  usart.o(.text)
    UART5_IRQHandler                         0x08006cb5   Thumb Code   216  usart.o(.text)
    USART1_IRQHandler                        0x08006d8d   Thumb Code  2992  usart.o(.text)
    main                                     0x0800795d   Thumb Code   128  main.o(.text)
    Delay                                    0x080079dd   Thumb Code    18  main.o(.text)
    BCD2HEX                                  0x080079fd   Thumb Code    24  ds3231.o(.text)
    B_BCD                                    0x08007a15   Thumb Code    32  ds3231.o(.text)
    I2cByteWrite                             0x08007a35   Thumb Code    70  ds3231.o(.text)
    I2cByteRead                              0x08007a7b   Thumb Code    78  ds3231.o(.text)
    DS3231_Init                              0x08007ac9   Thumb Code    36  ds3231.o(.text)
    DS3231_Get                               0x08007aed   Thumb Code    64  ds3231.o(.text)
    DS3231_Set                               0x08007b2d   Thumb Code   132  ds3231.o(.text)
    get_show_time                            0x08007bb1   Thumb Code   134  ds3231.o(.text)
    RTC_Get_Week                             0x08007c37   Thumb Code   116  ds3231.o(.text)
    GetDS3231Temp                            0x08007cab   Thumb Code    34  ds3231.o(.text)
    OpenDoubleAlarm                          0x08007ccd   Thumb Code    24  ds3231.o(.text)
    OpenAlarm1                               0x08007ce5   Thumb Code    24  ds3231.o(.text)
    OpenAlarm2                               0x08007cfd   Thumb Code    24  ds3231.o(.text)
    CloseDoubleAlarm                         0x08007d15   Thumb Code    24  ds3231.o(.text)
    CloseAlarm1                              0x08007d2d   Thumb Code    24  ds3231.o(.text)
    CloseAlarm2                              0x08007d45   Thumb Code    24  ds3231.o(.text)
    Alarm2Init                               0x08007d5d   Thumb Code   118  ds3231.o(.text)
    Alarm1Init                               0x08007dd3   Thumb Code    56  ds3231.o(.text)
    DoubleAlarmInit                          0x08007e0b   Thumb Code    16  ds3231.o(.text)
    ClearAlarm2Flag                          0x08007e1b   Thumb Code    24  ds3231.o(.text)
    ClearAlarm1Flag                          0x08007e33   Thumb Code    24  ds3231.o(.text)
    ReadAlarmFlag                            0x08007e4b   Thumb Code    58  ds3231.o(.text)
    SetAlarm1                                0x08007e85   Thumb Code    14  ds3231.o(.text)
    SetAlarm2                                0x08007e93   Thumb Code   108  ds3231.o(.text)
    IIC_Init                                 0x08007f05   Thumb Code    54  myiic.o(.text)
    IIC_Start                                0x08007f3b   Thumb Code    76  myiic.o(.text)
    IIC_Stop                                 0x08007f87   Thumb Code    74  myiic.o(.text)
    IIC_Wait_Ack                             0x08007fd1   Thumb Code    86  myiic.o(.text)
    IIC_Ack                                  0x08008027   Thumb Code    70  myiic.o(.text)
    IIC_NAck                                 0x0800806d   Thumb Code    70  myiic.o(.text)
    IIC_Send_Byte                            0x080080b3   Thumb Code   104  myiic.o(.text)
    IIC_Read_Byte                            0x0800811b   Thumb Code   100  myiic.o(.text)
    Water2capacity_FuDingNX                  0x08008191   Thumb Code    46  capacity.o(.text)
    Water2capacity_DongFangHong              0x080081bf   Thumb Code    46  capacity.o(.text)
    Water2capacity                           0x080081ed   Thumb Code   166  capacity.o(.text)
    MENUERR                                  0x080082b1   Thumb Code    10  menu.o(.text)
    MENUEXIT                                 0x080082bb   Thumb Code   162  menu.o(.text)
    MENUCONFGSURE                            0x0800835d   Thumb Code    30  menu.o(.text)
    MENU1_9_1                                0x0800837b   Thumb Code   204  menu.o(.text)
    MENU1_8_1                                0x08008447   Thumb Code   102  menu.o(.text)
    MENU1_7_1                                0x080084ad   Thumb Code   102  menu.o(.text)
    MENU1_6_1                                0x08008513   Thumb Code   878  menu.o(.text)
    MENU1_5_1                                0x08008881   Thumb Code   274  menu.o(.text)
    MENU1_4_1                                0x08008993   Thumb Code   102  menu.o(.text)
    MENU1_3_1                                0x080089f9   Thumb Code   116  menu.o(.text)
    MENU1_2_1                                0x08008a6d   Thumb Code    86  menu.o(.text)
    MENU1_1_1                                0x08008ac3   Thumb Code    86  menu.o(.text)
    MENU1_9                                  0x08008b19   Thumb Code    28  menu.o(.text)
    MENU1_8                                  0x08008b35   Thumb Code    40  menu.o(.text)
    MENU1_7                                  0x08008b5d   Thumb Code    34  menu.o(.text)
    MENU1_6                                  0x08008b7f   Thumb Code    34  menu.o(.text)
    MENU1_5                                  0x08008ba1   Thumb Code  1068  menu.o(.text)
    MENU1_4                                  0x08008fcd   Thumb Code    44  menu.o(.text)
    MENU1_3                                  0x08008ff9   Thumb Code    50  menu.o(.text)
    MENU1_2                                  0x0800902b   Thumb Code    38  menu.o(.text)
    MENU1_1                                  0x08009051   Thumb Code    38  menu.o(.text)
    MENU1                                    0x08009077   Thumb Code    80  menu.o(.text)
    MENU0                                    0x080090c7   Thumb Code   192  menu.o(.text)
    MENU_START                               0x08009187   Thumb Code  1078  menu.o(.text)
    ReadMENUConfig                           0x080095bd   Thumb Code   372  menu.o(.text)
    TaskAlarm                                0x08009735   Thumb Code    66  task.o(.text)
    TaskDay                                  0x08009777   Thumb Code   176  task.o(.text)
    TaskHour                                 0x08009827   Thumb Code   132  task.o(.text)
    TaskMinute                               0x080098ab   Thumb Code    14  task.o(.text)
    ScreenTask                               0x080098b9   Thumb Code    94  task.o(.text)
    Task                                     0x08009917   Thumb Code    74  task.o(.text)
    Sys_EnterSTOPmode                        0x080099d5   Thumb Code    20  lowpower.o(.text)
    TasktoStopMode                           0x080099e9   Thumb Code    44  lowpower.o(.text)
    Sys_EnterSLEEPmode                       0x08009a15   Thumb Code     4  lowpower.o(.text)
    PER_SLEEP_CONFIG                         0x08009a19   Thumb Code    52  lowpower.o(.text)
    TasktoSleepMode                          0x08009a4d   Thumb Code    20  lowpower.o(.text)
    TaskLowPower                             0x08009a61   Thumb Code    40  lowpower.o(.text)
    SYSCLKConfig_STOP                        0x08009a89   Thumb Code    58  lowpower.o(.text)
    TaskfromStopMode                         0x08009ac3   Thumb Code    38  lowpower.o(.text)
    TaskfromSleepMode                        0x08009ae9   Thumb Code    20  lowpower.o(.text)
    TaskWakeUp                               0x08009afd   Thumb Code    38  lowpower.o(.text)
    BKP_Init                                 0x08009b39   Thumb Code    96  bkp.o(.text)
    Character_Transfer                       0x08009bad   Thumb Code   226  screen.o(.text)
    PrintftoScreen                           0x08009c8f   Thumb Code   360  screen.o(.text)
    TaskScreenPowerOn                        0x08009df7   Thumb Code   308  screen.o(.text)
    PingtoScreen                             0x08009f2b   Thumb Code    40  screen.o(.text)
    __aeabi_memcpy                           0x08009fb5   Thumb Code    36  memcpya.o(.text)
    __aeabi_memcpy4                          0x08009fb5   Thumb Code     0  memcpya.o(.text)
    __aeabi_memcpy8                          0x08009fb5   Thumb Code     0  memcpya.o(.text)
    __aeabi_fadd                             0x08009fd9   Thumb Code   164  fadd.o(.text)
    __aeabi_fsub                             0x0800a07d   Thumb Code     6  fadd.o(.text)
    __aeabi_frsub                            0x0800a083   Thumb Code     6  fadd.o(.text)
    __aeabi_fmul                             0x0800a089   Thumb Code   100  fmul.o(.text)
    __aeabi_fdiv                             0x0800a0ed   Thumb Code   124  fdiv.o(.text)
    __aeabi_ui2f                             0x0800a169   Thumb Code    10  ffltui.o(.text)
    __aeabi_f2uiz                            0x0800a173   Thumb Code    40  ffixui.o(.text)
    __aeabi_cfcmpeq                          0x0800a19d   Thumb Code     0  cfcmple.o(.text)
    __aeabi_cfcmple                          0x0800a19d   Thumb Code    20  cfcmple.o(.text)
    __aeabi_uldivmod                         0x0800a1b1   Thumb Code    98  uldiv.o(.text)
    __I$use$fp                               0x0800a213   Thumb Code     0  iusefp.o(.text)
    _float_round                             0x0800a213   Thumb Code    18  fepilogue.o(.text)
    _float_epilogue                          0x0800a225   Thumb Code    92  fepilogue.o(.text)
    __scatterload                            0x0800a281   Thumb Code    28  init.o(.text)
    __scatterload_rt2                        0x0800a281   Thumb Code     0  init.o(.text)
    __aeabi_llsl                             0x0800a2a5   Thumb Code    30  llshl.o(.text)
    _ll_shift_l                              0x0800a2a5   Thumb Code     0  llshl.o(.text)
    __aeabi_llsr                             0x0800a2c3   Thumb Code    32  llushr.o(.text)
    _ll_ushift_r                             0x0800a2c3   Thumb Code     0  llushr.o(.text)
    __decompress                             0x0800a2e3   Thumb Code     0  __dczerorl2.o(.text)
    __decompress1                            0x0800a2e3   Thumb Code    86  __dczerorl2.o(.text)
    __0printf$8                              0x0800a339   Thumb Code    22  printf8.o(i.__0printf$8)
    __1printf$8                              0x0800a339   Thumb Code     0  printf8.o(i.__0printf$8)
    __2printf                                0x0800a339   Thumb Code     0  printf8.o(i.__0printf$8)
    __scatterload_copy                       0x0800a359   Thumb Code    14  handlers.o(i.__scatterload_copy)
    __scatterload_null                       0x0800a367   Thumb Code     2  handlers.o(i.__scatterload_null)
    __scatterload_zeroinit                   0x0800a369   Thumb Code    14  handlers.o(i.__scatterload_zeroinit)
    auchCRCHi                                0x0800a7dc   Data         256  crc16.o(.constdata)
    auchCRCLo                                0x0800a8dc   Data         256  crc16.o(.constdata)
    tabel                                    0x0800a9dc   Data        1024  crc16.o(.constdata)
    Send_frame                               0x0800addc   Data          20  datadeal.o(.constdata)
    Send_time                                0x0800adf0   Data          30  datadeal.o(.constdata)
    Reback_frame                             0x0800ae0e   Data          20  datadeal.o(.constdata)
    sysparcmd                                0x0800ae22   Data           5  datadeal.o(.constdata)
    sysparcmdall                             0x0800ae27   Data          30  datadeal.o(.constdata)
    deleteall                                0x0800ae45   Data          32  datadeal.o(.constdata)
    Send_light                               0x0800ae65   Data          24  datadeal.o(.constdata)
    Reback2PC                                0x0800ae7d   Data          30  datadeal.o(.constdata)
    YYdevice                                 0x0800ae9b   Data         105  datadeal.o(.constdata)
    Begin_Page                               0x0800af04   Data          86  datadeal.o(.constdata)
    Init_Page                                0x0800af5a   Data          64  datadeal.o(.constdata)
    Fail_Page                                0x0800af9a   Data          77  datadeal.o(.constdata)
    Clear_screem                             0x0800afe7   Data          47  datadeal.o(.constdata)
    Version                                  0x0800b016   Data          19  datadeal.o(.constdata)
    Hamming_Code                             0x0800b029   Data          16  datadeal.o(.constdata)
    table_week                               0x0800b039   Data          12  ds3231.o(.constdata)
    Capacity_FuDingNX                        0x0800b048   Data       14404  capacity.o(.constdata)
    Capacity_DongFangHong                    0x0800e88c   Data        8404  capacity.o(.constdata)
    Capacity                                 0x08010960   Data         152  capacity.o(.constdata)
    Head_Data                                0x080109f8   Data          20  screen.o(.constdata)
    Cmd_Config                               0x08010a0c   Data           7  screen.o(.constdata)
    Area_Config                              0x08010a13   Data          32  screen.o(.constdata)
    Ping_Cmd                                 0x08010a33   Data          30  screen.o(.constdata)
    Region$$Table$$Base                      0x08010b14   Number         0  anon$$obj.o(Region$$Table)
    Region$$Table$$Limit                     0x08010b34   Number         0  anon$$obj.o(Region$$Table)
    SystemCoreClock                          0x20000014   Data           4  system_stm32f10x.o(.data)
    AHBPrescTable                            0x20000018   Data          16  system_stm32f10x.o(.data)
    Rebdatastate                             0x2000002c   Data           1  datadeal.o(.data)
    Reback_en                                0x2000002d   Data           1  datadeal.o(.data)
    C_stationaddr1                           0x2000002e   Data           1  datadeal.o(.data)
    Function                                 0x2000002f   Data           1  datadeal.o(.data)
    C_rtuaddr2                               0x20000030   Data           1  datadeal.o(.data)
    msg                                      0x20000034   Data          16  datadeal.o(.data)
    Water_Level_Threshold                    0x20000044   Data           2  globalvar.o(.data)
    PageAlarm                                0x20000048   Data           4  globalvar.o(.data)
    Uart5_Recving                            0x2000004c   Data           1  globalvar.o(.data)
    Uart5_recvDone                           0x2000004d   Data           1  globalvar.o(.data)
    BQSystime                                0x2000004e   Data           8  globalvar.o(.data)
    RecvFromUART5_Len                        0x20000056   Data           2  globalvar.o(.data)
    bflagminute                              0x20000058   Data           1  globalvar.o(.data)
    bflagfivemin                             0x20000059   Data           1  globalvar.o(.data)
    bflaghour                                0x2000005a   Data           1  globalvar.o(.data)
    bflagday                                 0x2000005b   Data           1  globalvar.o(.data)
    bflaghourstart                           0x2000005c   Data           1  globalvar.o(.data)
    bflagdaystart                            0x2000005d   Data           1  globalvar.o(.data)
    bflagwakeup                              0x2000005e   Data           1  globalvar.o(.data)
    Wakeup_Reason                            0x20000060   Data           4  globalvar.o(.data)
    task_cnt                                 0x20000064   Data           1  globalvar.o(.data)
    Uart1_Recving                            0x20000065   Data           1  globalvar.o(.data)
    Read_sys_para                            0x20000066   Data           1  globalvar.o(.data)
    BQSystimeERR                             0x20000067   Data           1  globalvar.o(.data)
    Uart5senddataprority                     0x20000068   Data           1  globalvar.o(.data)
    Uart3senddataprority                     0x20000069   Data           1  globalvar.o(.data)
    Uart1_recvDone                           0x2000006a   Data           1  globalvar.o(.data)
    WhetherDirect                            0x2000006b   Data           1  globalvar.o(.data)
    RecvFromUART1_Len                        0x2000006c   Data           2  globalvar.o(.data)
    SendToCrtl_Len                           0x2000006e   Data           2  globalvar.o(.data)
    UART_7E7EFrameLen                        0x20000070   Data           2  globalvar.o(.data)
    UART_68BFrameLen                         0x20000072   Data           2  globalvar.o(.data)
    UART_15BFrameLen                         0x20000074   Data           2  globalvar.o(.data)
    LenfpcforBQ                              0x20000076   Data           2  globalvar.o(.data)
    RTUnum                                   0x20000078   Data           1  globalvar.o(.data)
    RTUCurrentHour                           0x20000079   Data           1  globalvar.o(.data)
    DisplayPageNum                           0x2000007a   Data           1  globalvar.o(.data)
    Displaycontent                           0x2000007b   Data           1  globalvar.o(.data)
    DisplayPagesub                           0x2000007c   Data           1  globalvar.o(.data)
    DisplayPageno                            0x2000007d   Data           1  globalvar.o(.data)
    DisplayStayTime                          0x2000007e   Data           1  globalvar.o(.data)
    DisplayRunTime                           0x2000007f   Data           1  globalvar.o(.data)
    DisplayChangeEN                          0x20000080   Data           1  globalvar.o(.data)
    DisplayPowerOnEN                         0x20000081   Data           1  globalvar.o(.data)
    bflagRedBoard_Check                      0x20000082   Data           1  globalvar.o(.data)
    DisplayPowerOnRunTime                    0x20000083   Data           1  globalvar.o(.data)
    DisplayPowerOnRunTimeStart               0x20000084   Data           1  globalvar.o(.data)
    DisplayPowerOnRunTimeCnt                 0x20000085   Data           1  globalvar.o(.data)
    Uart_time_Start                          0x20000086   Data           1  globalvar.o(.data)
    Uart_time_num                            0x20000087   Data           1  globalvar.o(.data)
    Uart_serailport_num                      0x20000088   Data           1  globalvar.o(.data)
    Uart_waketime_num                        0x20000089   Data           1  globalvar.o(.data)
    bflagsystemstart                         0x2000008a   Data           1  globalvar.o(.data)
    bflagScreenConfigstart                   0x2000008b   Data           1  globalvar.o(.data)
    bflagScreenConfigcnt                     0x2000008c   Data           4  globalvar.o(.data)
    System_Start_time                        0x20000090   Data           4  globalvar.o(.data)
    Timer_IRQ_flag                           0x20000094   Data           1  globalvar.o(.data)
    CurrentCMD                               0x20000096   Data           2  globalvar.o(.data)
    Hardware_check_flag                      0x20000098   Data           1  globalvar.o(.data)
    Alarm_flag                               0x20000099   Data           1  globalvar.o(.data)
    Alarm1_flag                              0x2000009a   Data           1  globalvar.o(.data)
    Alarm2_flag                              0x2000009b   Data           1  globalvar.o(.data)
    TIM3_flag                                0x2000009c   Data           1  globalvar.o(.data)
    screen_flag                              0x2000009d   Data           1  globalvar.o(.data)
    RebackPC_time                            0x2000009e   Data           1  globalvar.o(.data)
    Start_display                            0x2000009f   Data           1  globalvar.o(.data)
    BQ_reback_timer                          0x200000a0   Data           1  globalvar.o(.data)
    RTC_check_already                        0x200000a1   Data           1  globalvar.o(.data)
    RTC_check_finish                         0x200000a2   Data           1  globalvar.o(.data)
    bflag_configlight                        0x200000a3   Data           1  globalvar.o(.data)
    Time_power_enable                        0x200000a4   Data           1  globalvar.o(.data)
    Time_power_on                            0x200000a5   Data           1  globalvar.o(.data)
    Alarm_enable                             0x200000a6   Data           1  globalvar.o(.data)
    Alarm_enable_reflash                     0x200000a7   Data           1  globalvar.o(.data)
    test                                     0x200000a8   Data           1  globalvar.o(.data)
    test01                                   0x200000a9   Data           1  globalvar.o(.data)
    bflag_firstfivemin                       0x200000aa   Data           1  globalvar.o(.data)
    bflag_eight                              0x200000ab   Data           1  globalvar.o(.data)
    bflag68byte                              0x200000ac   Data           1  globalvar.o(.data)
    bflag15byte                              0x200000ad   Data           1  globalvar.o(.data)
    bflag8byte                               0x200000ae   Data           1  globalvar.o(.data)
    Humi_val                                 0x200000b0   Data           4  globalvar.o(.data)
    Temp_val                                 0x200000b4   Data           4  globalvar.o(.data)
    calendar                                 0x200000b8   Data           7  ds3231.o(.data)
    bflag_menu                               0x200000bf   Data           1  menu.o(.data)
    bflag_configStart                        0x200000c0   Data           1  menu.o(.data)
    Pack_len                                 0x200000c1   Data           2  screen.o(.data)
    Area_len                                 0x200000c3   Data           2  screen.o(.data)
    Data_len                                 0x200000c5   Data           4  screen.o(.data)
    Power_On                                 0x200000c9   Data          25  screen.o(.data)
    Power_On_Mode                            0x200000e2   Data          23  screen.o(.data)
    Ping_Redboard                            0x200000f9   Data          17  screen.o(.data)
    Ping_Err                                 0x2000010a   Data          13  screen.o(.data)
    Ping_Success                             0x20000117   Data          13  screen.o(.data)
    Init_Screen                              0x20000124   Data          15  screen.o(.data)
    Init_Err                                 0x20000133   Data          29  screen.o(.data)
    Init_Success                             0x20000150   Data          15  screen.o(.data)
    Power_Finish                             0x2000015f   Data          23  screen.o(.data)
    RTU_Data_Check                           0x20000176   Data          21  screen.o(.data)
    RTU_Data_Err                             0x2000018b   Data          19  screen.o(.data)
    RTU_Data_Success                         0x2000019e   Data          27  screen.o(.data)
    RTU_Data_Parse_Err                       0x200001b9   Data          13  screen.o(.data)
    RTU_Data_Parse_Success                   0x200001c6   Data          13  screen.o(.data)
    __stdout                                 0x200001d4   Data           4  stdout.o(.data)
    SPI_FLASH_BUF                            0x200001d8   Data        4096  flash.o(.bss)
    STMFLASH_BUF                             0x200011d8   Data        2048  stmflash.o(.bss)
    Rebdatabuf                               0x200019d8   Data          14  datadeal.o(.bss)
    Voltage                                  0x200019e8   Data          20  globalvar.o(.bss)
    Rain_hour                                0x200019fc   Data          20  globalvar.o(.bss)
    Rain_Lhour                               0x20001a10   Data          20  globalvar.o(.bss)
    Rain_day                                 0x20001a24   Data          20  globalvar.o(.bss)
    Rain_Yday                                0x20001a38   Data          20  globalvar.o(.bss)
    Rain_all                                 0x20001a4c   Data          20  globalvar.o(.bss)
    Rain_Yall                                0x20001a60   Data          20  globalvar.o(.bss)
    Water                                    0x20001a74   Data          40  globalvar.o(.bss)
    Water_flow                               0x20001a9c   Data          40  globalvar.o(.bss)
    RecvFromUART5_Buf                        0x20001ac4   Data         128  globalvar.o(.bss)
    RecvFromUART1_Buf                        0x20001b44   Data         512  globalvar.o(.bss)
    SendToCtrl_Buf                           0x20001d44   Data         512  globalvar.o(.bss)
    RTUIDbuf                                 0x20001f44   Data         100  globalvar.o(.bss)
    RTUparas                                 0x20001fa8   Data         332  globalvar.o(.bss)
    RTUparas_tset                            0x200020f4   Data         100  globalvar.o(.bss)
    Radio_data                               0x20002158   Data         300  globalvar.o(.bss)
    Timer_Power_Struct                       0x20002284   Data          13  ds3231.o(.bss)
    MENUConfig                               0x20002291   Data          11  menu.o(.bss)
    Config_buf                               0x2000229c   Data          20  menu.o(.bss)
    __initial_sp                             0x200032b0   Data           0  startup_stm32f10x_hd.o(STACK)



==============================================================================

Memory Map of the image

  Image Entry point : 0x08000131

  Load Region LR_IROM1 (Base: 0x08000000, Size: 0x00010d0c, Max: 0x00080000, ABSOLUTE, COMPRESSED[0x00010c30])

    Execution Region ER_IROM1 (Base: 0x08000000, Size: 0x00010b34, Max: 0x00080000, ABSOLUTE)

    Base Addr    Size         Type   Attr      Idx    E Section Name        Object

    0x08000000   0x00000130   Data   RO            3    RESET               startup_stm32f10x_hd.o
    0x08000130   0x00000000   Code   RO          664  * .ARM.Collect$$$$00000000  mc_w.l(entry.o)
    0x08000130   0x00000004   Code   RO          944    .ARM.Collect$$$$00000001  mc_w.l(entry2.o)
    0x08000134   0x00000004   Code   RO          947    .ARM.Collect$$$$00000004  mc_w.l(entry5.o)
    0x08000138   0x00000000   Code   RO          949    .ARM.Collect$$$$00000008  mc_w.l(entry7b.o)
    0x08000138   0x00000000   Code   RO          951    .ARM.Collect$$$$0000000A  mc_w.l(entry8b.o)
    0x08000138   0x00000008   Code   RO          952    .ARM.Collect$$$$0000000B  mc_w.l(entry9a.o)
    0x08000140   0x00000000   Code   RO          954    .ARM.Collect$$$$0000000D  mc_w.l(entry10a.o)
    0x08000140   0x00000000   Code   RO          956    .ARM.Collect$$$$0000000F  mc_w.l(entry11a.o)
    0x08000140   0x00000004   Code   RO          945    .ARM.Collect$$$$00002712  mc_w.l(entry2.o)
    0x08000144   0x00000024   Code   RO            4    .text               startup_stm32f10x_hd.o
    0x08000168   0x000003a4   Code   RO           10    .text               stm32f10x_rcc.o
    0x0800050c   0x0000035c   Code   RO           78    .text               stm32f10x_gpio.o
    0x08000868   0x00000408   Code   RO           90    .text               stm32f10x_usart.o
    0x08000c70   0x000000dc   Code   RO          102    .text               misc.o
    0x08000d4c   0x0000011c   Code   RO          114    .text               stm32f10x_exti.o
    0x08000e68   0x000005bc   Code   RO          126    .text               stm32f10x_flash.o
    0x08001424   0x0000030c   Code   RO          138    .text               stm32f10x_spi.o
    0x08001730   0x00000e1a   Code   RO          150    .text               stm32f10x_tim.o
    0x0800254a   0x00000002   PAD
    0x0800254c   0x00000040   Code   RO          162    .text               stm32f10x_iwdg.o
    0x0800258c   0x000000cc   Code   RO          174    .text               stm32f10x_pwr.o
    0x08002658   0x000000c4   Code   RO          186    .text               stm32f10x_bkp.o
    0x0800271c   0x000001a8   Code   RO          220    .text               system_stm32f10x.o
    0x080028c4   0x0000001a   Code   RO          238    .text               stm32f10x_it.o
    0x080028de   0x00000002   PAD
    0x080028e0   0x000000d8   Code   RO          253    .text               delay.o
    0x080029b8   0x000000f4   Code   RO          341    .text               sys.o
    0x08002aac   0x00000104   Code   RO          353    .text               spi.o
    0x08002bb0   0x00000694   Code   RO          365    .text               flash.o
    0x08003244   0x00000060   Code   RO          384    .text               crc16.o
    0x080032a4   0x00000144   Code   RO          399    .text               stmflash.o
    0x080033e8   0x0000022c   Code   RO          414    .text               utils.o
    0x08003614   0x00000380   Code   RO          426    .text               timer.o
    0x08003994   0x00000328   Code   RO          438    .text               config.o
    0x08003cbc   0x00002400   Code   RO          451    .text               datadeal.o
    0x080060bc   0x00000990   Code   RO          470    .text               globalvar.o
    0x08006a4c   0x00000f10   Code   RO          490    .text               usart.o
    0x0800795c   0x000000a0   Code   RO          503    .text               main.o
    0x080079fc   0x00000508   Code   RO          542    .text               ds3231.o
    0x08007f04   0x0000028c   Code   RO          563    .text               myiic.o
    0x08008190   0x00000120   Code   RO          575    .text               capacity.o
    0x080082b0   0x00001484   Code   RO          590    .text               menu.o
    0x08009734   0x000002a0   Code   RO          610    .text               task.o
    0x080099d4   0x00000164   Code   RO          623    .text               lowpower.o
    0x08009b38   0x00000074   Code   RO          635    .text               bkp.o
    0x08009bac   0x00000408   Code   RO          647    .text               screen.o
    0x08009fb4   0x00000024   Code   RO          667    .text               mc_w.l(memcpya.o)
    0x08009fd8   0x000000b0   Code   RO          932    .text               mf_w.l(fadd.o)
    0x0800a088   0x00000064   Code   RO          934    .text               mf_w.l(fmul.o)
    0x0800a0ec   0x0000007c   Code   RO          936    .text               mf_w.l(fdiv.o)
    0x0800a168   0x0000000a   Code   RO          938    .text               mf_w.l(ffltui.o)
    0x0800a172   0x00000028   Code   RO          940    .text               mf_w.l(ffixui.o)
    0x0800a19a   0x00000002   PAD
    0x0800a19c   0x00000014   Code   RO          942    .text               mf_w.l(cfcmple.o)
    0x0800a1b0   0x00000062   Code   RO          961    .text               mc_w.l(uldiv.o)
    0x0800a212   0x00000000   Code   RO          963    .text               mc_w.l(iusefp.o)
    0x0800a212   0x0000006e   Code   RO          964    .text               mf_w.l(fepilogue.o)
    0x0800a280   0x00000024   Code   RO          976    .text               mc_w.l(init.o)
    0x0800a2a4   0x0000001e   Code   RO          978    .text               mc_w.l(llshl.o)
    0x0800a2c2   0x00000020   Code   RO          980    .text               mc_w.l(llushr.o)
    0x0800a2e2   0x00000056   Code   RO          994    .text               mc_w.l(__dczerorl2.o)
    0x0800a338   0x00000020   Code   RO          878    i.__0printf$8       mc_w.l(printf8.o)
    0x0800a358   0x0000000e   Code   RO          988    i.__scatterload_copy  mc_w.l(handlers.o)
    0x0800a366   0x00000002   Code   RO          989    i.__scatterload_null  mc_w.l(handlers.o)
    0x0800a368   0x0000000e   Code   RO          990    i.__scatterload_zeroinit  mc_w.l(handlers.o)
    0x0800a376   0x00000002   PAD
    0x0800a378   0x00000410   Code   RO          885    i._printf_core      mc_w.l(printf8.o)
    0x0800a788   0x00000024   Code   RO          886    i._printf_post_padding  mc_w.l(printf8.o)
    0x0800a7ac   0x0000002e   Code   RO          887    i._printf_pre_padding  mc_w.l(printf8.o)
    0x0800a7da   0x00000002   PAD
    0x0800a7dc   0x00000600   Data   RO          385    .constdata          crc16.o
    0x0800addc   0x0000025d   Data   RO          453    .constdata          datadeal.o
    0x0800b039   0x0000000c   Data   RO          544    .constdata          ds3231.o
    0x0800b045   0x00000003   PAD
    0x0800b048   0x000059b0   Data   RO          576    .constdata          capacity.o
    0x080109f8   0x00000059   Data   RO          649    .constdata          screen.o
    0x08010a51   0x00000003   PAD
    0x08010a54   0x00000029   Data   RO          454    .conststring        datadeal.o
    0x08010a7d   0x00000003   PAD
    0x08010a80   0x00000094   Data   RO          592    .conststring        menu.o
    0x08010b14   0x00000020   Data   RO          986    Region$$Table       anon$$obj.o


    Execution Region RW_IRAM1 (Base: 0x20000000, Size: 0x000032b0, Max: 0x00010000, ABSOLUTE, COMPRESSED[0x000000fc])

    Base Addr    Size         Type   Attr      Idx    E Section Name        Object

    0x20000000   0x00000014   Data   RW           11    .data               stm32f10x_rcc.o
    0x20000014   0x00000014   Data   RW          221    .data               system_stm32f10x.o
    0x20000028   0x00000004   Data   RW          254    .data               delay.o
    0x2000002c   0x00000018   Data   RW          455    .data               datadeal.o
    0x20000044   0x00000074   Data   RW          472    .data               globalvar.o
    0x200000b8   0x00000007   Data   RW          545    .data               ds3231.o
    0x200000bf   0x00000002   Data   RW          593    .data               menu.o
    0x200000c1   0x00000112   Data   RW          650    .data               screen.o
    0x200001d3   0x00000001   PAD
    0x200001d4   0x00000004   Data   RW          958    .data               mc_w.l(stdout.o)
    0x200001d8   0x00001000   Zero   RW          366    .bss                flash.o
    0x200011d8   0x00000800   Zero   RW          400    .bss                stmflash.o
    0x200019d8   0x0000000e   Zero   RW          452    .bss                datadeal.o
    0x200019e6   0x00000002   PAD
    0x200019e8   0x0000089c   Zero   RW          471    .bss                globalvar.o
    0x20002284   0x0000000d   Zero   RW          543    .bss                ds3231.o
    0x20002291   0x0000001f   Zero   RW          591    .bss                menu.o
    0x200022b0   0x00001000   Zero   RW            1    STACK               startup_stm32f10x_hd.o


==============================================================================

Image component sizes


      Code (inc. data)   RO Data    RW Data    ZI Data      Debug   Object Name

       116         20          0          0          0        511   bkp.o
       288         30      22960          0          0       1992   capacity.o
       808         36          0          0          0       1975   config.o
        96          6       1536          0          0       1823   crc16.o
      9216        522        646         24         14      13016   datadeal.o
       216         16          0          4          0      10702   delay.o
      1288         32         12          7         13       6308   ds3231.o
      1684         40          0          0       4096       5616   flash.o
      2448        282          0        116       2204      11555   globalvar.o
       356         22          0          0          0       1988   lowpower.o
       160         14          0          0          0       1181   main.o
      5252       2652        148          2         31       6254   menu.o
       220         22          0          0          0       1829   misc.o
       652         18          0          0          0       1924   myiic.o
      1032        108         89        274          0       3680   screen.o
       260         12          0          0          0       1133   spi.o
        36          8        304          0       4096        876   startup_stm32f10x_hd.o
       196          8          0          0          0       3532   stm32f10x_bkp.o
       284         10          0          0          0       2291   stm32f10x_exti.o
      1468         34          0          0          0       8242   stm32f10x_flash.o
       860         38          0          0          0       5765   stm32f10x_gpio.o
        26          0          0          0          0       1238   stm32f10x_it.o
        64          6          0          0          0       1301   stm32f10x_iwdg.o
       204         14          0          0          0       1971   stm32f10x_pwr.o
       932         36          0         20          0     277408   stm32f10x_rcc.o
       780         14          0          0          0       6646   stm32f10x_spi.o
      3610         88          0          0          0      22876   stm32f10x_tim.o
      1032         22          0          0          0       8488   stm32f10x_usart.o
       324          8          0          0       2048       2686   stmflash.o
       244          8          0          0          0        877   sys.o
       424         36          0         20          0       1891   system_stm32f10x.o
       672        116          0          0          0       1424   task.o
       896        158          0          0          0       1475   timer.o
      3856        254          0          0          0       3520   usart.o
       556          0          0          0          0       2211   utils.o

    ----------------------------------------------------------------------
     40560       4690      25736        468      12504     426205   Object Totals
         0          0         32          0          0          0   (incl. Generated)
         4          0          9          1          2          0   (incl. Padding)

    ----------------------------------------------------------------------

      Code (inc. data)   RO Data    RW Data    ZI Data      Debug   Library Member Name

        86          0          0          0          0          0   __dczerorl2.o
         0          0          0          0          0          0   entry.o
         0          0          0          0          0          0   entry10a.o
         0          0          0          0          0          0   entry11a.o
         8          4          0          0          0          0   entry2.o
         4          0          0          0          0          0   entry5.o
         0          0          0          0          0          0   entry7b.o
         0          0          0          0          0          0   entry8b.o
         8          4          0          0          0          0   entry9a.o
        30          0          0          0          0          0   handlers.o
        36          8          0          0          0         68   init.o
         0          0          0          0          0          0   iusefp.o
        30          0          0          0          0         68   llshl.o
        32          0          0          0          0         68   llushr.o
        36          0          0          0          0         68   memcpya.o
      1154         54          0          0          0        352   printf8.o
         0          0          0          4          0          0   stdout.o
        98          0          0          0          0         92   uldiv.o
        20          0          0          0          0         68   cfcmple.o
       176          0          0          0          0        140   fadd.o
       124          0          0          0          0         88   fdiv.o
       110          0          0          0          0        168   fepilogue.o
        40          0          0          0          0         68   ffixui.o
        10          0          0          0          0         68   ffltui.o
       100          0          0          0          0         76   fmul.o

    ----------------------------------------------------------------------
      2108         70          0          4          0       1392   Library Totals
         6          0          0          0          0          0   (incl. Padding)

    ----------------------------------------------------------------------

      Code (inc. data)   RO Data    RW Data    ZI Data      Debug   Library Name

      1522         70          0          4          0        716   mc_w.l
       580          0          0          0          0        676   mf_w.l

    ----------------------------------------------------------------------
      2108         70          0          4          0       1392   Library Totals

    ----------------------------------------------------------------------

==============================================================================


      Code (inc. data)   RO Data    RW Data    ZI Data      Debug   

     42668       4760      25736        472      12504     423981   Grand Totals
     42668       4760      25736        252      12504     423981   ELF Image Totals (compressed)
     42668       4760      25736        252          0          0   ROM Totals

==============================================================================

    Total RO  Size (Code + RO Data)                68404 (  66.80kB)
    Total RW  Size (RW Data + ZI Data)             12976 (  12.67kB)
    Total ROM Size (Code + RO Data + RW Data)      68656 (  67.05kB)

==============================================================================

